// Jest Snapshot v1, https://goo.gl/fbAQLP

exports[`EventManagementTable should match snapshot 1`] = `
<ComposedComponent
  columnDefs={
    Array [
      Object {
        "cellRenderer": "loadingCellRenderer",
        "colId": "eventId",
        "dataType": "string",
        "enableSearch": true,
        "field": "eventId",
        "headerName": "Event ID",
        "javaVariableName": "eventId",
        "searchDataType": "string",
        "valueFormatter": undefined,
      },
      Object {
        "cellRenderer": "loadingCellRenderer",
        "colId": "correlationId",
        "dataType": "string",
        "enableSearch": true,
        "field": "correlationId",
        "headerName": "Correlation ID",
        "javaVariableName": "correlationId",
        "searchDataType": "string",
        "valueFormatter": undefined,
      },
      Object {
        "cellRenderer": "loadingCellRenderer",
        "colId": "eventType",
        "dataType": "string",
        "enableSearch": true,
        "field": "eventType",
        "headerName": "Event Type",
        "javaVariableName": "eventType",
        "searchDataType": "multiselect",
        "valueFormatter": undefined,
      },
      Object {
        "cellRenderer": "loadingCellRenderer",
        "colId": "eventSource",
        "dataType": "string",
        "enableSearch": true,
        "field": "eventSource",
        "headerName": "Event Source",
        "javaVariableName": "eventSource",
        "searchDataType": "multiselect",
        "valueFormatter": undefined,
      },
      Object {
        "cellRenderer": "loadingCellRenderer",
        "colId": "tenantId",
        "dataType": "string",
        "enableSearch": true,
        "field": "tenantId",
        "headerName": "Tenant ID",
        "javaVariableName": "tenantId",
        "searchDataType": "string",
        "valueFormatter": undefined,
        "width": 100,
      },
      Object {
        "cellRenderer": "loadingCellRenderer",
        "colId": "objectId",
        "dataType": "string",
        "enableSearch": true,
        "field": "objectId",
        "headerName": "Object ID",
        "javaVariableName": "objectId",
        "searchDataType": "string",
        "valueFormatter": undefined,
        "width": 100,
      },
      Object {
        "cellRenderer": "loadingCellRenderer",
        "colId": "createdTimeStamp",
        "dataType": "timestamp",
        "enableSearch": true,
        "field": "createdTimeStamp",
        "headerName": "Created Time Stamp",
        "javaVariableName": "createdTimeStamp",
        "searchDataType": "timestamp",
        "valueFormatter": [Function],
        "width": 200,
      },
      Object {
        "cellRenderer": "loadingCellRenderer",
        "colId": "postedTimeStamp",
        "dataType": "timestamp",
        "enableSearch": true,
        "field": "postedTimeStamp",
        "headerName": "Posted Time Stamp",
        "javaVariableName": "postedTimeStamp",
        "searchDataType": "timestamp",
        "valueFormatter": [Function],
      },
    ]
  }
  mapping={
    Array [
      Object {
        "colId": "eventId",
        "dataType": "string",
        "enableSearch": true,
        "field": "eventId",
        "headerName": "Event ID",
        "javaVariableName": "eventId",
        "searchDataType": "string",
      },
      Object {
        "colId": "correlationId",
        "dataType": "string",
        "enableSearch": true,
        "field": "correlationId",
        "headerName": "Correlation ID",
        "javaVariableName": "correlationId",
        "searchDataType": "string",
      },
      Object {
        "colId": "eventType",
        "dataType": "string",
        "enableSearch": true,
        "field": "eventType",
        "headerName": "Event Type",
        "javaVariableName": "eventType",
        "searchDataType": "multiselect",
      },
      Object {
        "colId": "eventSource",
        "dataType": "string",
        "enableSearch": true,
        "field": "eventSource",
        "headerName": "Event Source",
        "javaVariableName": "eventSource",
        "searchDataType": "multiselect",
      },
      Object {
        "colId": "tenantId",
        "dataType": "string",
        "enableSearch": true,
        "field": "tenantId",
        "headerName": "Tenant ID",
        "javaVariableName": "tenantId",
        "searchDataType": "string",
        "width": 100,
      },
      Object {
        "colId": "objectId",
        "dataType": "string",
        "enableSearch": true,
        "field": "objectId",
        "headerName": "Object ID",
        "javaVariableName": "objectId",
        "searchDataType": "string",
        "width": 100,
      },
      Object {
        "colId": "createdTimeStamp",
        "dataType": "timestamp",
        "enableSearch": true,
        "field": "createdTimeStamp",
        "headerName": "Created Time Stamp",
        "javaVariableName": "createdTimeStamp",
        "searchDataType": "timestamp",
        "width": 200,
      },
      Object {
        "colId": "postedTimeStamp",
        "dataType": "timestamp",
        "enableSearch": true,
        "field": "postedTimeStamp",
        "headerName": "Posted Time Stamp",
        "javaVariableName": "postedTimeStamp",
        "searchDataType": "timestamp",
      },
    ]
  }
  onGridEvent={[MockFunction]}
  rowSelection="single"
/>
`;
