// Jest Snapshot v1, https://goo.gl/fbAQLP

exports[`TextSummaryPanel should match snapshot 1`] = `
<div
  className="text-picker__summary-panel"
>
  <Component>
    Text Service Summary
  </Component>
  <WithAnalyticsContext(WithAnalyticsEvents(Tooltip))
    content="ENGLISH, testCC, Component ID 123"
    key="123"
  >
    <ListItem
      item="ENGLISH  testCC"
      onDelete={[Function]}
    />
  </WithAnalyticsContext(WithAnalyticsEvents(Tooltip))>
  <WithAnalyticsContext(WithAnalyticsEvents(Tooltip))
    content="FRENCH, testSubtitle, Component ID 12356"
    key="12356"
  >
    <ListItem
      item="FRENCH  testSubtitle"
      onDelete={[Function]}
    />
  </WithAnalyticsContext(WithAnalyticsEvents(Tooltip))>
  <WithAnalyticsContext(WithAnalyticsEvents(Tooltip))
    content="DANISH, testCC, Component ID 123654"
    key="123654"
  >
    <ListItem
      item="DANISH  testCC"
      onDelete={[Function]}
    />
  </WithAnalyticsContext(WithAnalyticsEvents(Tooltip))>
</div>
`;
