// Jest Snapshot v1, https://goo.gl/fbAQLP

exports[`SelectedRightsActions SelectedRightsActions should match snapshot 1`] = `
<Fragment>
  <div
    className="nexus-c-selected-rights-actions"
  >
    <[object Object]
      fill="#A5ADBA"
      onClick={[Function]}
    />
    <div
      className="nexus-c-selected-rights-actions__menu"
    >
      <div
        className="nexus-c-selected-rights-actions__menu-item"
        data-test-id="view-history"
      >
        <Connect(RightHistoryView)
          selectedAvails={Array []}
        />
      </div>
      <div
        className="nexus-c-selected-rights-actions__menu-item"
        data-test-id="bulk-match"
        onClick={[Function]}
      >
        <NexusTooltip
          content="Rights selected must be the same criteria to make the feature available"
          isDisabled={false}
        >
          <div>
            Bulk Match Titles
          </div>
        </NexusTooltip>
      </div>
      <div
        className="nexus-c-selected-rights-actions__menu-item"
        data-test-id="bulk-unmatch"
        onClick={null}
      >
        <NexusTooltip
          content="This feature is enabled when: 
All selected rights have Core Title IDs populated"
          isDisabled={false}
        >
          <div>
            Bulk Unmatch Titles
          </div>
        </NexusTooltip>
      </div>
      <div
        className="nexus-c-selected-rights-actions__menu-item"
        data-test-id="bonus-rights"
        onClick={null}
      >
        <NexusTooltip
          content="This feature is enabled when rights are licensed,
have the same Core Title IDs (not blank),
empty Source Right IDs and Status is Ready/ReadyNew"
          isDisabled={false}
        >
          <div>
            Create Bonus Right
          </div>
        </NexusTooltip>
      </div>
    </div>
  </div>
  <NexusDrawer
    headerContent={null}
    isClosedOnBlur={false}
    isOpen={false}
    onClose={[Function]}
    title="Title Matching"
    width="wider"
  >
    <Connect(Connect(ComposedComponent))
      closeDrawer={[Function]}
      data={Array []}
      isBonusRight={false}
      setHeaderText={[Function]}
    />
  </NexusDrawer>
</Fragment>
`;
