// Jest Snapshot v1, https://goo.gl/fbAQLP

exports[`SelectedRightsActions SelectedRightsActions should match snapshot 1`] = `
<Fragment>
  <div
    className="nexus-c-selected-rights-actions"
  >
    <[object Object]
      fill="#A5ADBA"
      onClick={[Function]}
    />
    <div
      className="nexus-c-selected-rights-actions__menu"
    >
      <div
        className="nexus-c-selected-rights-actions__menu-item"
        data-test-id="view-history"
      >
        <Connect(RightHistoryView)
          selectedAvails={Array []}
        />
      </div>
      <div
        className="nexus-c-selected-rights-actions__menu-item"
        data-test-id="bulk-match"
        onClick={null}
      >
        <NexusTooltip
          content="Rights selected must be the same criteria to make the feature available"
          isDisabled={false}
        >
          <div>
            Bulk Match Titles
          </div>
        </NexusTooltip>
      </div>
      <div
        className="nexus-c-selected-rights-actions__menu-item"
        data-test-id="bulk-unmatch"
        onClick={null}
      >
        <NexusTooltip
          content="This feature is enabled when: 
(All selected rights have Source Right ID populated and they are unique 
OR Source Right IDs are all empty) AND all selected rights have Core Title IDs populated"
          isDisabled={false}
        >
          Bulk Unmatch Titles
        </NexusTooltip>
      </div>
    </div>
  </div>
  <NexusDrawer
    headerContent={null}
    isOpen={false}
    onClose={[Function]}
    title=""
    width="wider"
  >
    <BulkMatching
      data={Array []}
      headerTitle="Title Matching"
    />
  </NexusDrawer>
</Fragment>
`;
