// Jest Snapshot v1, https://goo.gl/fbAQLP

exports[`BulkSet should match snapshot 1`] = `
<div
  className="bulk-set-territories"
>
  <MultiSelect
    className="bulk-set-territories__select-container"
    columnClass="col-12"
    filter={true}
    id="ddlTerritories"
    labelProps={
      Object {
        "label": "Territories",
        "shouldUpper": true,
        "stacked": true,
      }
    }
    onChange={[Function]}
    options={Array []}
    placeholder="Select territories..."
    value={Array []}
  />
  <div
    className="bulk-set-territories__label"
  >
    Keywords
  </div>
  <NexusTextArea
    notesValue=""
    onTextChange={[Function]}
  />
  <div
    className="bulk-set-territories__note"
  >
    Note: You can separate values by comma.
  </div>
</div>
`;
