// Jest Snapshot v1, https://goo.gl/fbAQLP

exports[`NexusDrawer should match snapshot 1`] = `
<Fragment>
  <WithAnalyticsContext(WithAnalyticsEvents(Blanket))
    canClickThrough={false}
    isTinted={true}
    onBlanketClicked={[Function]}
  />
  <styled.div
    direction="fromRight"
    isOpen={true}
    width="360px"
  >
    <AkPage
      bannerHeight={52}
      isBannerOpen={false}
    >
      <WithTheme(AkGrid)
        layout="fluid"
      >
        <WithTheme(AkGridColumn)>
          <styled.div
            direction="fromRight"
            isOpen={true}
          >
            <styled.div
              direction="fromRight"
            >
              <styled.h1 />
            </styled.div>
            <IconButton
              icon={[Function]}
              label="Close Drawer"
              onClick={[Function]}
            />
          </styled.div>
        </WithTheme(AkGridColumn)>
      </WithTheme(AkGrid)>
    </AkPage>
  </styled.div>
</Fragment>
`;
