// Jest Snapshot v1, https://goo.gl/fbAQLP

exports[`NexusDrawer should match snapshot 1`] = `
<Fragment>
  <WithAnalyticsContext(WithAnalyticsEvents(Blanket))
    canClickThrough={false}
    isTinted={true}
    onBlanketClicked={[Function]}
  />
  <div
    className="nexus-c-drawer 
                    nexus-c-drawer--is-narrow-width
                    "
  >
    <div
      className="nexus-c-drawer__header"
    >
      <div
        className="nexus-c-drawer__header--title"
      />
      <[object Object]
        onClick={[Function]}
      />
    </div>
  </div>
</Fragment>
`;
