// Jest Snapshot v1, https://goo.gl/fbAQLP

exports[`External Ids Section should match snapshot 1`] = `
<div
  className="nexus-c-array-element-wrapper"
>
  <NexusEntity
    actions={
      Array [
        Action {
          "action": [Function],
          "buttonId": "btnAddSection",
          "disabled": false,
          "icon": Object {
            "process": [Function],
          },
          "position": 5,
        },
      ]
    }
    disableHover={false}
    flag1=""
    flag2=""
    heading="EXTERNAL IDs"
    isActive={false}
    tag=""
    type="subsection"
  />
</div>
`;
