// Jest Snapshot v1, https://goo.gl/fbAQLP

exports[`External Ids Section should match snapshot 1`] = `
<div
  className="external-ids-section"
>
  <div
    className="row"
  >
    <div
      className="col-12"
    >
      <NexusEntity
        actions={
          Array [
            Action {
              "action": [Function],
              "buttonId": "btnAddSection",
              "disabled": false,
              "icon": "po po-add",
              "position": 4,
            },
          ]
        }
        disableHover={false}
        flag1=""
        flag2=""
        heading="EXTERNAL IDs"
        isActive={false}
        isRequired={false}
        tag=""
        type="subsection"
      />
    </div>
  </div>
</div>
`;
