// Jest Snapshot v1, https://goo.gl/fbAQLP

exports[`SyncLogTable should match snapshot 1`] = `
<div
  className="nexus-c-sync-log-table"
>
  <div
    className="nexus-c-sync-log-table__actions"
  >
    <div />
    <div
      className="nexus-c-sync-log-table__date-filter"
    >
      <div
        className="nexus-c-sync-log-table__date-field"
      >
        <NexusDatePicker
          error=""
          id="dateFrom"
          isClearable={false}
          isInvalid={false}
          isLabelHidden={false}
          isReadOnly={false}
          isRequired={true}
          isReturningTime={false}
          isTimestamp={false}
          isWithInlineEdit={false}
          label="Date From"
          onChange={[Function]}
          onConfirm={[Function]}
          value=""
        />
        <div
          className="nexus-c-sync-log-table__date-field--error"
        />
      </div>
      <div
        className="nexus-c-sync-log-table__date-field"
      >
        <NexusDatePicker
          error=""
          id="dateTo"
          isClearable={false}
          isInvalid={false}
          isLabelHidden={false}
          isReadOnly={false}
          isRequired={false}
          isReturningTime={false}
          isTimestamp={false}
          isWithInlineEdit={false}
          label="Date To"
          onChange={[Function]}
          onConfirm={[Function]}
          value=""
        />
        <div
          className="nexus-c-sync-log-table__date-field--error"
        />
      </div>
    </div>
    <WithAnalyticsContext(WithAnalyticsEvents(Button))
      isDisabled={true}
      onClick={[Function]}
    >
      Download
    </WithAnalyticsContext(WithAnalyticsEvents(Button))>
  </div>
  <Connect(ComposedComponent)
    className="nexus-c-sync-log-grid"
    columnDefs={
      Array [
        Object {
          "cellRendererParams": Object {
            "setErrors": [Function],
          },
          "colId": "status",
          "field": "status",
          "headerName": "Error/Success",
          "valueFormatter": [Function],
          "width": 120,
        },
        Object {
          "cellRendererParams": Object {
            "setErrors": [Function],
          },
          "colId": "updatedAt",
          "dataType": "timestamp",
          "field": "updatedAt",
          "headerName": "UpdatedAt",
          "javaVariableName": "updatedAt",
          "minWidth": 150,
        },
        Object {
          "cellRenderer": "titleNameCellRenderer",
          "cellRendererParams": Object {
            "setErrors": [Function],
          },
          "colId": "titleName",
          "field": "titleName",
          "headerName": "Title Name",
          "minWidth": 150,
        },
        Object {
          "cellRendererParams": Object {
            "setErrors": [Function],
          },
          "colId": "coreTitleId",
          "field": "coreTitleId",
          "headerName": "Title ID",
          "width": 150,
        },
        Object {
          "cellRendererParams": Object {
            "setErrors": [Function],
          },
          "colId": "type",
          "field": "type",
          "headerName": "Document Type",
          "width": 150,
        },
        Object {
          "cellRendererParams": Object {
            "setErrors": [Function],
          },
          "colId": "externalSystemId",
          "field": "externalSystemId",
          "headerName": "Legacy System",
          "width": 120,
        },
        Object {
          "cellRendererParams": Object {
            "setErrors": [Function],
          },
          "colId": "publishedAt",
          "dataType": "timestamp",
          "field": "publishedAt",
          "headerName": "Published At",
          "javaVariableName": "publishedAt",
          "minWidth": 150,
        },
        Object {
          "cellRenderer": "publishErrors",
          "cellRendererParams": Object {
            "setErrors": [Function],
          },
          "colId": "publishErrors",
          "field": "publishErrors",
          "headerName": "Publish Errors",
          "minWidth": 150,
        },
      ]
    }
    externalFilter={
      Object {
        "dateFrom": "",
        "dateTo": "",
      }
    }
    frameworkComponents={
      Object {
        "publishErrors": [Function],
        "titleNameCellRenderer": [Function],
      }
    }
    mapping={
      Array [
        Object {
          "colId": "status",
          "field": "status",
          "headerName": "Error/Success",
          "valueFormatter": [Function],
          "width": 120,
        },
        Object {
          "colId": "updatedAt",
          "dataType": "timestamp",
          "field": "updatedAt",
          "headerName": "UpdatedAt",
          "javaVariableName": "updatedAt",
          "minWidth": 150,
        },
        Object {
          "cellRenderer": "titleNameCellRenderer",
          "colId": "titleName",
          "field": "titleName",
          "headerName": "Title Name",
          "minWidth": 150,
        },
        Object {
          "colId": "coreTitleId",
          "field": "coreTitleId",
          "headerName": "Title ID",
          "width": 150,
        },
        Object {
          "colId": "type",
          "field": "type",
          "headerName": "Document Type",
          "width": 150,
        },
        Object {
          "colId": "externalSystemId",
          "field": "externalSystemId",
          "headerName": "Legacy System",
          "width": 120,
        },
        Object {
          "colId": "publishedAt",
          "dataType": "timestamp",
          "field": "publishedAt",
          "headerName": "Published At",
          "javaVariableName": "publishedAt",
          "minWidth": 150,
        },
        Object {
          "cellRenderer": "publishErrors",
          "colId": "publishErrors",
          "field": "publishErrors",
          "headerName": "Publish Errors",
          "minWidth": 150,
        },
      ]
    }
    onGridEvent={[Function]}
    rowSelection="single"
  />
  <NexusDrawer
    direction="fromRight"
    headerContent={null}
    isClosedOnBlur={true}
    isLoading={false}
    isOpen={false}
    onClose={[Function]}
    title="Publish Errors"
    width="wider"
  >
    <div
      className="nexus-c-sync-log-table__errors-table"
    >
      <div
        className="nexus-c-sync-log-table__errors-table--header-cell"
        key="type"
      >
        TYPE
      </div>
      <div
        className="nexus-c-sync-log-table__errors-table--header-cell"
        key="description"
      >
        DESCRIPTION
      </div>
    </div>
  </NexusDrawer>
</div>
`;
