// Jest Snapshot v1, https://goo.gl/fbAQLP

exports[`TitleMetadataView should match snapshot 1`] = `
<div
  className="nexus-c-title-metadata"
>
  <Toast
    baseZIndex={0}
    className={null}
    id={null}
    onClick={null}
    onHide={null}
    onRemove={null}
    onShow={null}
    position="bottom-left"
    style={null}
    transitionOptions={null}
  />
  <TitleMetadataHeader
    label="Title Metadata"
  >
    <NexusUploadButton
      buttonTitle="Upload"
      icon={
        Object {
          "process": [Function],
        }
      }
      ingestData={null}
      modalCallback={[Function]}
      modalContext={Object {}}
      title="METADATA INGEST"
      uploadCallback={[Function]}
    />
    <CloudDownloadButton
      showSuccess={[Function]}
    />
    <NexusSavedTableDropdown
      applyPredefinedTableView={[Function]}
      columnApi={null}
      externalFilter={Object {}}
      gridApi={null}
      isTitleMetadata={true}
      lastStoredFilter={
        Object {
          "label": undefined,
        }
      }
      onUserDefinedViewSelected={[Function]}
      setBlockLastFilter={[Function]}
      setUserDefinedGridState={[Function]}
      tableLabels={
        Object {
          "savedDropdownLabel": "Saved Table View:",
          "savedViewslabel": "My Saved Views",
        }
      }
      tableOptions={
        Array [
          Object {
            "label": "All",
            "value": "all",
          },
        ]
      }
      userDefinedGridStates={Array []}
      username=""
    />
    <CatalogueOwner
      setCatalogueOwner={[Function]}
    />
    <WithAnalyticsContext(WithAnalyticsEvents(Button))
      appearance="primary"
      className="nexus-c-title-metadata__create-btn"
      onClick={[Function]}
    >
      Create New Title
    </WithAnalyticsContext(WithAnalyticsEvents(Button))>
    <WithAnalyticsContext(WithAnalyticsEvents(Button))
      appearance="subtle"
      className="nexus-c-title-metadata__sync-btn"
      onClick={[Function]}
    >
      Sync Log
    </WithAnalyticsContext(WithAnalyticsEvents(Button))>
  </TitleMetadataHeader>
  <Connect(TitleMetadataTable)
    catalogueOwner={
      Object {
        "tenantCode": "vu",
      }
    }
    className="nexus-c-title-metadata__table"
    columnApi={null}
    gridApi={null}
    history={Object {}}
    setColumnApi={[Function]}
    setGridApi={[Function]}
  />
  <Connect(ComposedComponent)
    display={false}
    redirectToV2={true}
    tenantCode="vu"
    toggle={[Function]}
  />
</div>
`;
