// Jest Snapshot v1, https://goo.gl/fbAQLP

exports[`PartnerRequest should match snapshot 1`] = `
<div
  className="nexus-c-partner-request"
>
  <div
    className="nexus-c-partner-request__info"
  >
    <div
      className="nexus-c-partner-request__info-field"
    >
      Studio
      : 
    </div>
    <div
      className="nexus-c-partner-request__info-field"
    >
      MSS Order Details
      : 
      345
    </div>
    <div
      className="nexus-c-partner-request__info-field"
    >
      Created Date
      : 
    </div>
    <div
      className="nexus-c-partner-request__info-field"
    >
      Created By
      : 
    </div>
  </div>
  <div
    className="nexus-c-partner-request__table"
  >
    <div
      className="nexus-c-partner-request__table-column-header"
      key="0"
    >
      TITLE
    </div>
    <div
      className="nexus-c-partner-request__table-column-header"
      key="1"
    >
      VERSION
    </div>
    <div
      className="nexus-c-partner-request__table-column-header"
      key="2"
    >
      DUE DATE
    </div>
    <div
      className="nexus-c-partner-request__table-column-header"
      key="3"
    >
      PRIMARY VIDEO
    </div>
    <div
      className="nexus-c-partner-request__table-column-header"
      key="4"
    >
      SECONDARY AUDIO
    </div>
    <div
      className="nexus-c-partner-request__table-column-header"
      key="5"
    >
      SECONDARY SUB-TITLES
    </div>
    <div
      className="nexus-c-partner-request__table-column-header"
      key="6"
    >
      TRAILER
    </div>
    <div
      className="nexus-c-partner-request__table-column-header"
      key="7"
    >
      METADATA
    </div>
    <div
      className="nexus-c-partner-request__table-column-header"
      key="8"
    >
      ARTWORK
    </div>
    <div
      className="nexus-c-partner-request__table-column-header"
      key="9"
    >
      NOTES
    </div>
  </div>
</div>
`;
