// Jest Snapshot v1, https://goo.gl/fbAQLP

exports[`IconButton should match snapshot 1`] = `
<WithAnalyticsContext(WithAnalyticsEvents(Tooltip))
  content="Icon Button Label"
>
  <WithAnalyticsContext(WithAnalyticsEvents(Button))
    appearance="subtle"
    iconBefore={
      <CrossIcon
        label="Icon Button Label"
      />
    }
    onClick={[Function]}
    theme={[Function]}
  />
</WithAnalyticsContext(WithAnalyticsEvents(Tooltip))>
`;
