// Jest Snapshot v1, https://goo.gl/fbAQLP

exports[`WarningToastWithConfirmation should match snapshot 1`] = `
<div
  className="flex flex-column nexus-c-bulk-warning-toast-container"
>
  <Row
    className="text-center"
    tag="div"
    widths={
      Array [
        "xs",
        "sm",
        "md",
        "lg",
        "xl",
      ]
    }
  >
    <i
      className="pi pi-exclamation-triangle nexus-c-bulk-warning-toast-icon"
    />
    <h4 />
    <p />
  </Row>
  <Row
    className="grid p-fluid nexus-c-bulk-warning-toast-button-container"
    tag="div"
    widths={
      Array [
        "xs",
        "sm",
        "md",
        "lg",
        "xl",
      ]
    }
  >
    <Col
      className="col-6"
      tag="div"
      widths={
        Array [
          "xs",
          "sm",
          "md",
          "lg",
          "xl",
        ]
      }
    >
      <ForwardRef
        className="p-button-success"
        label="Ok"
        onClick={[Function]}
        type="button"
      />
    </Col>
    <Col
      className="col-6"
      tag="div"
      widths={
        Array [
          "xs",
          "sm",
          "md",
          "lg",
          "xl",
        ]
      }
    >
      <ForwardRef
        className="p-button-secondary"
        label="Cancel"
        onClick={[Function]}
        type="button"
      />
    </Col>
  </Row>
</div>
`;
