// Jest Snapshot v1, https://goo.gl/fbAQLP

exports[`RightsMatchingTitlesTable should match snapshot 1`] = `
<div
  className="nexus-c-rights-matching-titles-table-wrapper"
>
  <Connect(ComposedComponent)
    className="nexus-c-rights-matching-titles-table"
    columnDefs={
      Array [
        Object {
          "cellRendererFramework": [Function],
          "cellRendererParams": Object {},
          "colId": "matchButton",
          "field": "matchButton",
          "headerName": "Match",
          "lockPinned": true,
          "lockPosition": true,
          "lockVisible": true,
          "pinned": "left",
          "resizable": false,
          "sortable": false,
          "suppressMovable": true,
          "suppressSizeToFit": true,
          "width": 100,
        },
        Object {
          "cellRendererFramework": [Function],
          "cellRendererParams": Object {},
          "colId": "duplicateButton",
          "field": "duplicateButton",
          "headerName": "Duplicate",
          "lockPinned": true,
          "lockPosition": true,
          "lockVisible": true,
          "pinned": "left",
          "resizable": false,
          "sortable": false,
          "suppressMovable": true,
          "suppressSizeToFit": true,
          "width": 100,
        },
        Object {
          "cellRendererFramework": [Function],
          "colId": "repository",
          "field": "repository",
          "headerName": "Repository",
          "lockPinned": true,
          "lockPosition": true,
          "lockVisible": true,
          "pinned": "left",
          "resizable": false,
          "sortable": false,
          "suppressMovable": true,
          "suppressSizeToFit": true,
          "width": 150,
        },
        Object {
          "colId": "episodeAndSeasonNumber",
          "field": "episodeAndSeasonNumber",
          "headerName": "-",
          "lockPosition": false,
          "menuTabs": Array [],
          "pinned": false,
          "resizable": false,
          "sortable": false,
          "suppressMovable": true,
          "suppressSizeToFit": true,
          "valueFormatter": [Function],
          "width": 100,
        },
        Object {
          "cellRenderer": "loadingCellRenderer",
          "cellRendererParams": Object {
            "link": undefined,
          },
          "colId": "system",
          "dataType": "string",
          "displayName": "System",
          "enableEdit": false,
          "enableSearch": false,
          "field": "system",
          "javaVariableName": "system",
          "queryParamName": "displayName",
          "readOnly": false,
          "required": false,
          "searchDataType": "string",
          "valueFormatter": [Function],
        },
        Object {
          "cellRenderer": "loadingCellRenderer",
          "cellRendererParams": Object {
            "link": undefined,
          },
          "colId": "id",
          "dataType": "string",
          "displayName": "Title ID",
          "enableEdit": true,
          "enableSearch": false,
          "field": "id",
          "javaVariableName": "id",
          "queryParamName": "id",
          "readOnly": false,
          "required": true,
          "searchDataType": "string",
          "valueFormatter": undefined,
        },
        Object {
          "cellRenderer": "loadingCellRenderer",
          "cellRendererParams": Object {
            "link": undefined,
          },
          "colId": "title",
          "dataType": "string",
          "displayName": "Title",
          "enableEdit": true,
          "enableSearch": true,
          "field": "title",
          "javaVariableName": "title",
          "queryParamName": "title",
          "readOnly": false,
          "required": true,
          "searchDataType": "string",
          "valueFormatter": undefined,
        },
        Object {
          "cellRenderer": "loadingCellRenderer",
          "cellRendererParams": Object {
            "link": undefined,
          },
          "colId": "releaseYear",
          "dataType": "year",
          "displayName": "Release Year",
          "enableEdit": true,
          "enableSearch": true,
          "field": "releaseYear",
          "javaVariableName": "releaseYear",
          "queryParamName": "releaseYear",
          "readOnly": false,
          "required": false,
          "searchDataType": "year",
          "valueFormatter": [Function],
        },
        Object {
          "cellRenderer": "loadingCellRenderer",
          "cellRendererParams": Object {
            "link": undefined,
          },
          "colId": "contentType",
          "configEndpoint": "/content-types",
          "dataType": "string",
          "displayName": "Content Type",
          "enableEdit": true,
          "enableSearch": false,
          "field": "contentType",
          "javaVariableName": "contentType",
          "queryParamName": "contentType",
          "readOnly": true,
          "required": true,
          "searchDataType": "readonly",
          "valueFormatter": undefined,
        },
        Object {
          "cellRenderer": "loadingCellRenderer",
          "cellRendererParams": Object {
            "link": undefined,
          },
          "colId": "episodic.seriesTitleName",
          "dataType": "string",
          "displayName": "Series",
          "enableEdit": false,
          "enableSearch": false,
          "field": "episodic.seriesTitleName",
          "javaVariableName": "episodic.seriesTitleName",
          "readOnly": true,
          "required": false,
          "valueFormatter": undefined,
        },
        Object {
          "cellRenderer": "loadingCellRenderer",
          "cellRendererParams": Object {
            "link": undefined,
          },
          "colId": "episodic.seasonTitleName",
          "dataType": "string",
          "displayName": "Season",
          "enableEdit": false,
          "enableSearch": false,
          "field": "episodic.seasonTitleName",
          "javaVariableName": "episodic.seasonTitleName",
          "readOnly": true,
          "required": false,
          "valueFormatter": undefined,
        },
        Object {
          "cellRenderer": "loadingCellRenderer",
          "cellRendererParams": Object {
            "link": undefined,
          },
          "colId": "castCrew.director",
          "dataType": "string",
          "displayName": "Director",
          "enableEdit": false,
          "enableSearch": false,
          "field": "castCrew.director",
          "javaVariableName": "castCrew.director",
          "queryParamName": "displayName",
          "readOnly": false,
          "required": false,
          "searchDataType": "string",
          "valueFormatter": [Function],
        },
        Object {
          "cellRenderer": "loadingCellRenderer",
          "cellRendererParams": Object {
            "link": undefined,
          },
          "colId": "ratings",
          "dataType": "string",
          "displayName": "Rating",
          "enableEdit": false,
          "enableSearch": false,
          "field": "ratings",
          "javaVariableName": "ratings",
          "queryParamName": "ratings",
          "readOnly": false,
          "required": false,
          "searchDataType": "string",
          "valueFormatter": [Function],
        },
        Object {
          "cellRenderer": "loadingCellRenderer",
          "cellRendererParams": Object {
            "link": undefined,
          },
          "colId": "externalIds.eidrLevel1",
          "dataType": "string",
          "displayName": "EIDR 1",
          "enableEdit": false,
          "enableSearch": false,
          "field": "externalIds.eidrLevel1",
          "javaVariableName": "externalIds.eidrLevel1",
          "queryParamName": "displayName",
          "readOnly": false,
          "required": false,
          "searchDataType": "string",
          "valueFormatter": [Function],
        },
        Object {
          "cellRenderer": "loadingCellRenderer",
          "cellRendererParams": Object {
            "link": undefined,
          },
          "colId": "externalIds.eidrLevel2",
          "dataType": "string",
          "displayName": "EIDR 2",
          "enableEdit": false,
          "enableSearch": false,
          "field": "externalIds.eidrLevel2",
          "javaVariableName": "externalIds.eidrLevel2",
          "queryParamName": "displayName",
          "readOnly": false,
          "required": false,
          "searchDataType": "string",
          "valueFormatter": [Function],
        },
        Object {
          "cellRenderer": "loadingCellRenderer",
          "cellRendererParams": Object {
            "link": undefined,
          },
          "colId": "castCrew.cast",
          "dataType": "string",
          "displayName": "Cast",
          "enableEdit": false,
          "enableSearch": false,
          "field": "castCrew.cast",
          "javaVariableName": "castCrew.cast",
          "queryParamName": "displayName",
          "readOnly": false,
          "required": false,
          "searchDataType": "string",
          "valueFormatter": [Function],
        },
      ]
    }
    initialFilter={
      Object {
        "contentType": null,
      }
    }
    mapping={
      Array [
        Object {
          "colId": "system",
          "dataType": "string",
          "displayName": "System",
          "enableEdit": false,
          "enableSearch": false,
          "field": "system",
          "javaVariableName": "system",
          "queryParamName": "displayName",
          "readOnly": false,
          "required": false,
          "searchDataType": "string",
        },
        Object {
          "colId": "id",
          "dataType": "string",
          "displayName": "Title ID",
          "enableEdit": true,
          "enableSearch": false,
          "field": "id",
          "javaVariableName": "id",
          "queryParamName": "id",
          "readOnly": false,
          "required": true,
          "searchDataType": "string",
        },
        Object {
          "colId": "title",
          "dataType": "string",
          "displayName": "Title",
          "enableEdit": true,
          "enableSearch": true,
          "field": "title",
          "javaVariableName": "title",
          "queryParamName": "title",
          "readOnly": false,
          "required": true,
          "searchDataType": "string",
        },
        Object {
          "colId": "releaseYear",
          "dataType": "year",
          "displayName": "Release Year",
          "enableEdit": true,
          "enableSearch": true,
          "field": "releaseYear",
          "javaVariableName": "releaseYear",
          "queryParamName": "releaseYear",
          "readOnly": false,
          "required": false,
          "searchDataType": "year",
        },
        Object {
          "colId": "contentType",
          "configEndpoint": "/content-types",
          "dataType": "string",
          "displayName": "Content Type",
          "enableEdit": true,
          "enableSearch": false,
          "field": "contentType",
          "javaVariableName": "contentType",
          "queryParamName": "contentType",
          "readOnly": true,
          "required": true,
          "searchDataType": "readonly",
        },
        Object {
          "colId": "episodic.seriesTitleName",
          "dataType": "string",
          "displayName": "Series",
          "enableEdit": false,
          "enableSearch": false,
          "field": "episodic.seriesTitleName",
          "javaVariableName": "episodic.seriesTitleName",
          "readOnly": true,
          "required": false,
        },
        Object {
          "colId": "episodic.seasonTitleName",
          "dataType": "string",
          "displayName": "Season",
          "enableEdit": false,
          "enableSearch": false,
          "field": "episodic.seasonTitleName",
          "javaVariableName": "episodic.seasonTitleName",
          "readOnly": true,
          "required": false,
        },
        Object {
          "colId": "castCrew.director",
          "dataType": "string",
          "displayName": "Director",
          "enableEdit": false,
          "enableSearch": false,
          "field": "castCrew.director",
          "javaVariableName": "castCrew.director",
          "queryParamName": "displayName",
          "readOnly": false,
          "required": false,
          "searchDataType": "string",
        },
        Object {
          "colId": "ratings",
          "dataType": "string",
          "displayName": "Rating",
          "enableEdit": false,
          "enableSearch": false,
          "field": "ratings",
          "javaVariableName": "ratings",
          "queryParamName": "ratings",
          "readOnly": false,
          "required": false,
          "searchDataType": "string",
        },
        Object {
          "colId": "externalIds.eidrLevel1",
          "dataType": "string",
          "displayName": "EIDR 1",
          "enableEdit": false,
          "enableSearch": false,
          "field": "externalIds.eidrLevel1",
          "javaVariableName": "externalIds.eidrLevel1",
          "queryParamName": "displayName",
          "readOnly": false,
          "required": false,
          "searchDataType": "string",
        },
        Object {
          "colId": "externalIds.eidrLevel2",
          "dataType": "string",
          "displayName": "EIDR 2",
          "enableEdit": false,
          "enableSearch": false,
          "field": "externalIds.eidrLevel2",
          "javaVariableName": "externalIds.eidrLevel2",
          "queryParamName": "displayName",
          "readOnly": false,
          "required": false,
          "searchDataType": "string",
        },
        Object {
          "colId": "castCrew.cast",
          "dataType": "string",
          "displayName": "Cast",
          "enableEdit": false,
          "enableSearch": false,
          "field": "castCrew.cast",
          "javaVariableName": "castCrew.cast",
          "queryParamName": "displayName",
          "readOnly": false,
          "required": false,
          "searchDataType": "string",
        },
      ]
    }
    onGridEvent={[Function]}
    setTotalCount={[Function]}
  />
</div>
`;
