// Jest Snapshot v1, https://goo.gl/fbAQLP

exports[`RightsMatchingTitlesTable should match snapshot 1`] = `
<div
  className="nexus-c-rights-matching-titles-table-wrapper"
>
  <Connect(ComposedComponent)
    className="nexus-c-rights-matching-titles-table"
    columnDefs={Array []}
    initialFilter={
      Object {
        "contentType": null,
      }
    }
    mapping={
      Array [
        Object {
          "colId": "system",
          "dataType": "string",
          "enableEdit": false,
          "enableSearch": false,
          "field": "system",
          "headerName": "System",
          "javaVariableName": "system",
          "queryParamName": "displayName",
          "readOnly": false,
          "required": false,
        },
        Object {
          "cellRenderer": "loadingCellRenderer",
          "colId": "id",
          "dataType": "string",
          "enableEdit": true,
          "enableSearch": false,
          "field": "id",
          "headerName": "Title ID",
          "hide": true,
          "javaVariableName": "id",
          "queryParamName": "id",
          "readOnly": false,
          "required": true,
          "searchDataType": "string",
        },
        Object {
          "colId": "title",
          "dataType": "string",
          "enableEdit": true,
          "enableSearch": true,
          "field": "title",
          "headerName": "Title",
          "javaVariableName": "title",
          "queryParamName": "title",
          "readOnly": false,
          "required": true,
          "searchDataType": "string",
        },
        Object {
          "colId": "releaseYear",
          "dataType": "year",
          "enableEdit": true,
          "enableSearch": true,
          "field": "releaseYear",
          "headerName": "Release Year",
          "javaVariableName": "releaseYear",
          "queryParamName": "releaseYear",
          "readOnly": false,
          "required": false,
          "searchDataType": "year",
        },
        Object {
          "colId": "contentType",
          "configEndpoint": "/content-types",
          "dataType": "string",
          "enableEdit": true,
          "enableSearch": false,
          "field": "contentType",
          "headerName": "Content Type",
          "javaVariableName": "contentType",
          "queryParamName": "contentType",
          "readOnly": true,
          "required": true,
          "searchDataType": "readonly",
        },
        Object {
          "colId": "seriesName",
          "dataType": "string",
          "enableEdit": true,
          "enableSearch": true,
          "field": "episodic.seriesTitleName",
          "headerName": "Series Title",
          "javaVariableName": "episodic.seriesTitleName",
          "queryParamName": "seriesName",
          "required": false,
          "searchDataType": "string",
        },
        Object {
          "colId": "seasonNumber",
          "dataType": "integer",
          "enableSearch": true,
          "field": "episodic.seasonNumber",
          "headerName": "Season Number",
          "javaVariableName": "episodic.seasonNumber",
          "queryParamName": "seasonNumber",
          "searchDataType": "integer",
        },
        Object {
          "colId": "episodeNumber",
          "dataType": "integer",
          "enableSearch": true,
          "field": "episodic.episodeNumber",
          "headerName": "Episode Number",
          "javaVariableName": "episodic.episodeNumber",
          "queryParamName": "episodeNumber",
          "searchDataType": "integer",
        },
        Object {
          "colId": "castCrew.director",
          "dataType": "string",
          "enableEdit": false,
          "enableSearch": false,
          "field": "castCrew.director",
          "headerName": "Crew",
          "javaVariableName": "castCrew.director",
          "queryParamName": "displayName",
          "readOnly": false,
          "required": false,
        },
        Object {
          "colId": "ratings",
          "dataType": "string",
          "enableEdit": false,
          "enableSearch": false,
          "field": "ratings",
          "headerName": "Rating",
          "javaVariableName": "ratings",
          "queryParamName": "ratings",
          "readOnly": false,
          "required": false,
        },
        Object {
          "colId": "externalIds.eidrLevel1",
          "dataType": "string",
          "enableEdit": false,
          "enableSearch": false,
          "field": "externalIds.eidrLevel1",
          "headerName": "EIDR 1",
          "javaVariableName": "externalIds.eidrLevel1",
          "queryParamName": "displayName",
          "readOnly": false,
          "required": false,
        },
        Object {
          "colId": "externalIds.eidrLevel2",
          "dataType": "string",
          "enableEdit": false,
          "enableSearch": false,
          "field": "externalIds.eidrLevel2",
          "headerName": "EIDR 2",
          "javaVariableName": "externalIds.eidrLevel2",
          "queryParamName": "displayName",
          "readOnly": false,
          "required": false,
        },
        Object {
          "colId": "castCrew.cast",
          "dataType": "string",
          "enableEdit": false,
          "enableSearch": false,
          "field": "castCrew.cast",
          "headerName": "Cast",
          "javaVariableName": "castCrew.cast",
          "queryParamName": "displayName",
          "readOnly": false,
          "required": false,
        },
      ]
    }
    onCellValueChanged={[Function]}
    onGridEvent={[Function]}
    setTotalCount={[Function]}
  />
</div>
`;
