// Jest Snapshot v1, https://goo.gl/fbAQLP

exports[`NexusPersonsList should match snapshot 1`] = `
<Fragment>
  <div
    className="nexus-c-persons-list__heading"
  >
    Cast
  </div>
  <NexusPersonRO
    key="val-prs_Ac9oyaREip"
    person={
      Object {
        "characterName": null,
        "displayName": "Amaka Obi",
        "firstName": null,
        "id": "prs_Ac9oyaREip",
        "lastName": null,
        "middleName": null,
        "personType": "Actor",
      }
    }
  />
  <NexusPersonRO
    key="idx-1"
    person={
      Object {
        "characterName": null,
        "displayName": "Ebube Nwagbo",
        "firstName": null,
        "id": "prs_airo586ETR",
        "lastName": null,
        "middleName": null,
        "personType": "Actor",
      }
    }
  />
  <NexusPersonRO
    key="idx-2"
    person={
      Object {
        "characterName": null,
        "displayName": "Solomon Akiyesi",
        "firstName": null,
        "id": "prs_x9TX5AkETo",
        "lastName": null,
        "middleName": null,
        "personType": "Actor",
      }
    }
  />
</Fragment>
`;
