// Jest Snapshot v1, https://goo.gl/fbAQLP

exports[`EventDrawerHeader should match snapshot 1`] = `
<div
  className="nexus-c-event-drawer-header"
>
  <WithAnalyticsContext(WithAnalyticsEvents(Tooltip))
    content="Replay Event"
  >
    <LoadingButton
      className="nexus-c-event-drawer-header__replay-button"
      isDisabled={false}
      isLoading={false}
      onClick={[Function]}
    >
      Replay
    </LoadingButton>
  </WithAnalyticsContext(WithAnalyticsEvents(Tooltip))>
  <WithAnalyticsContext(WithAnalyticsEvents(Tooltip))
    content="Replicate Event"
  >
    <Button
      className="nexus-c-event-drawer-header__replicate-button"
      isDisabled={false}
      isLoading={false}
      onClick={[Function]}
    >
      Replicate
    </Button>
  </WithAnalyticsContext(WithAnalyticsEvents(Tooltip))>
  <NexusDownload
    className="p-button-outlined p-button-secondary nexus-c-event-drawer-header__download-button"
    data={
      Object {
        "headers": Object {
          "eventId": "123",
        },
        "message": undefined,
        "metadata": undefined,
      }
    }
    filename="123 - event"
    isDisabled={false}
    label="Download"
    mimeType="application/json"
  />
</div>
`;
