// Jest Snapshot v1, https://goo.gl/fbAQLP

exports[`TitleMetadataTable should match snapshot 1`] = `
<div
  className="nexus-c-title-metadata-table"
>
  <Component
    columnDefs={
      Array [
        Object {
          "colId": "id",
          "dataType": "string",
          "enableSearch": false,
          "field": "id",
          "headerName": "ID",
          "hide": true,
          "javaVariableName": "id",
          "valueFormatter": undefined,
          "width": 150,
        },
        Object {
          "cellRenderer": "loadingCellRenderer",
          "cellRendererParams": [Function],
          "colId": "title",
          "dataType": "string",
          "enableSearch": true,
          "field": "title",
          "headerName": "Title",
          "javaVariableName": "title",
          "searchDataType": "string",
          "valueFormatter": undefined,
          "width": 150,
        },
        Object {
          "cellRendererFramework": [Function],
          "colId": "repository",
          "dataType": "string",
          "enableSearch": false,
          "field": "repository",
          "headerName": "Repository",
          "javaVariableName": "repository",
          "readOnly": true,
          "width": 120,
        },
        Object {
          "colId": "contentType",
          "dataType": "string",
          "enableSearch": true,
          "field": "contentType",
          "headerName": "Content Type",
          "javaVariableName": "contentType",
          "searchDataType": "string",
          "valueFormatter": undefined,
          "width": 120,
        },
        Object {
          "colId": "seriesName",
          "dataType": "string",
          "enableSearch": true,
          "field": "seriesTitleName",
          "headerName": "Series Title",
          "javaVariableName": "seriesTitleName",
          "searchDataType": "string",
          "valueFormatter": undefined,
          "width": 150,
        },
        Object {
          "colId": "seasonNumber",
          "dataType": "integer",
          "enableSearch": true,
          "field": "seasonNumber",
          "headerName": "Season Number",
          "javaVariableName": "seasonNumber",
          "minWidth": 100,
          "searchDataType": "integer",
          "valueFormatter": [Function],
        },
        Object {
          "colId": "episodeNumber",
          "dataType": "integer",
          "enableSearch": true,
          "field": "episodeNumber",
          "headerName": "Episode Number",
          "javaVariableName": "episodeNumber",
          "minWidth": 100,
          "searchDataType": "integer",
          "valueFormatter": [Function],
        },
        Object {
          "colId": "releaseYear",
          "dataType": "string",
          "enableSearch": true,
          "field": "releaseYear",
          "headerName": "Release Year",
          "javaVariableName": "releaseYear",
          "minWidth": 100,
          "searchDataType": "string",
          "valueFormatter": undefined,
        },
        Object {
          "colId": "contentSubType",
          "dataType": "string",
          "enableSearch": false,
          "field": "contentSubType",
          "headerName": "Content SubType",
          "hide": true,
          "javaVariableName": "contentSubType",
          "valueFormatter": undefined,
          "width": 120,
        },
        Object {
          "colId": "duration",
          "dataType": "string",
          "enableSearch": false,
          "field": "duration",
          "headerName": "Duration",
          "hide": true,
          "javaVariableName": "duration",
          "readOnly": true,
          "valueFormatter": undefined,
          "width": 120,
        },
        Object {
          "colId": "countryOfOrigin",
          "dataType": "string",
          "enableSearch": false,
          "field": "countryOfOrigin",
          "headerName": "Country of Origin",
          "hide": true,
          "javaVariableName": "countryOfOrigin",
          "readOnly": true,
          "valueFormatter": undefined,
          "width": 120,
        },
        Object {
          "colId": "animated",
          "dataType": "boolean",
          "enableSearch": false,
          "field": "animated",
          "headerName": "Animated",
          "hide": true,
          "javaVariableName": "animated",
          "readOnly": true,
          "valueFormatter": [Function],
          "width": 120,
        },
        Object {
          "colId": "eventType",
          "dataType": "string",
          "enableSearch": false,
          "field": "eventType",
          "headerName": "Event Type",
          "hide": true,
          "javaVariableName": "eventType",
          "readOnly": true,
          "valueFormatter": undefined,
          "width": 120,
        },
        Object {
          "colId": "originalLanguage",
          "dataType": "string",
          "enableSearch": false,
          "field": "originalLanguage",
          "headerName": "Original Language",
          "hide": true,
          "javaVariableName": "originalLanguage",
          "readOnly": true,
          "valueFormatter": undefined,
          "width": 120,
        },
        Object {
          "colId": "usBoxOffice",
          "dataType": "integer",
          "enableSearch": false,
          "field": "usBoxOffice",
          "headerName": "US Box Office",
          "hide": true,
          "javaVariableName": "usBoxOffice",
          "readOnly": true,
          "valueFormatter": [Function],
          "width": 120,
        },
        Object {
          "colId": "category",
          "dataType": "select",
          "enableSearch": false,
          "field": "category",
          "headerName": "Category",
          "hide": true,
          "javaVariableName": "category",
          "readOnly": true,
          "valueFormatter": [Function],
          "width": 150,
        },
        Object {
          "colId": "assetName",
          "dataType": "string",
          "enableSearch": false,
          "field": "assetName",
          "headerName": "Asset Name",
          "hide": true,
          "javaVariableName": "assetName",
          "readOnly": true,
          "valueFormatter": undefined,
          "width": 150,
        },
        Object {
          "colId": "eidrTitleId",
          "dataType": "string",
          "enableSearch": false,
          "field": "eidrTitleId",
          "headerName": "EIDR Title ID",
          "hide": true,
          "javaVariableName": "eidrTitleId",
          "readOnly": true,
          "valueFormatter": undefined,
          "width": 150,
        },
        Object {
          "colId": "tmsId",
          "dataType": "string",
          "enableSearch": false,
          "field": "tmsId",
          "headerName": "TMS ID",
          "hide": true,
          "javaVariableName": "tmsId",
          "readOnly": true,
          "valueFormatter": undefined,
          "width": 150,
        },
        Object {
          "colId": "eidrEditId",
          "dataType": "string",
          "enableSearch": false,
          "field": "eidrEditId",
          "headerName": "EIDR Edit ID",
          "hide": true,
          "javaVariableName": "eidrEditId",
          "readOnly": true,
          "valueFormatter": undefined,
          "width": 150,
        },
        Object {
          "colId": "xfinityMovieId",
          "dataType": "string",
          "enableSearch": false,
          "field": "xfinityMovieId",
          "headerName": "Xfinity Movie ID",
          "hide": true,
          "javaVariableName": "xfinityMovieId",
          "readOnly": true,
          "valueFormatter": undefined,
          "width": 150,
        },
        Object {
          "colId": "maId",
          "dataType": "string",
          "enableSearch": false,
          "field": "maId",
          "headerName": "MA ID",
          "hide": true,
          "javaVariableName": "maId",
          "readOnly": true,
          "valueFormatter": undefined,
          "width": 150,
        },
        Object {
          "colId": "isan",
          "dataType": "string",
          "enableSearch": false,
          "field": "isan",
          "headerName": "ISAN",
          "hide": true,
          "javaVariableName": "isan",
          "readOnly": true,
          "valueFormatter": undefined,
          "width": 150,
        },
        Object {
          "colId": "alid",
          "dataType": "string",
          "enableSearch": false,
          "field": "alid",
          "headerName": "ALID",
          "hide": true,
          "javaVariableName": "alid",
          "readOnly": true,
          "valueFormatter": undefined,
          "width": 150,
        },
        Object {
          "colId": "cid",
          "dataType": "string",
          "enableSearch": false,
          "field": "cid",
          "headerName": "C ID",
          "hide": true,
          "javaVariableName": "cid",
          "readOnly": true,
          "valueFormatter": undefined,
          "width": 150,
        },
        Object {
          "colId": "isrc",
          "dataType": "string",
          "enableSearch": false,
          "field": "isrc",
          "headerName": "ISRC",
          "hide": true,
          "javaVariableName": "isrc",
          "readOnly": true,
          "valueFormatter": undefined,
          "width": 150,
        },
      ]
    }
    externalFilter={null}
    link="/undefined/metadata/detail"
    mapping={
      Array [
        Object {
          "colId": "id",
          "dataType": "string",
          "enableSearch": false,
          "field": "id",
          "headerName": "ID",
          "hide": true,
          "javaVariableName": "id",
          "width": 150,
        },
        Object {
          "cellRenderer": "loadingCellRenderer",
          "colId": "title",
          "dataType": "string",
          "enableSearch": true,
          "field": "title",
          "headerName": "Title",
          "javaVariableName": "title",
          "searchDataType": "string",
          "width": 150,
        },
        Object {
          "colId": "repository",
          "dataType": "string",
          "enableSearch": false,
          "field": "repository",
          "headerName": "Repository",
          "javaVariableName": "repository",
          "readOnly": true,
          "width": 120,
        },
        Object {
          "colId": "contentType",
          "dataType": "string",
          "enableSearch": true,
          "field": "contentType",
          "headerName": "Content Type",
          "javaVariableName": "contentType",
          "searchDataType": "string",
          "width": 120,
        },
        Object {
          "colId": "seriesName",
          "dataType": "string",
          "enableSearch": true,
          "field": "seriesTitleName",
          "headerName": "Series Title",
          "javaVariableName": "seriesTitleName",
          "searchDataType": "string",
          "width": 150,
        },
        Object {
          "colId": "seasonNumber",
          "dataType": "integer",
          "enableSearch": true,
          "field": "seasonNumber",
          "headerName": "Season Number",
          "javaVariableName": "seasonNumber",
          "minWidth": 100,
          "searchDataType": "integer",
        },
        Object {
          "colId": "episodeNumber",
          "dataType": "integer",
          "enableSearch": true,
          "field": "episodeNumber",
          "headerName": "Episode Number",
          "javaVariableName": "episodeNumber",
          "minWidth": 100,
          "searchDataType": "integer",
        },
        Object {
          "colId": "releaseYear",
          "dataType": "string",
          "enableSearch": true,
          "field": "releaseYear",
          "headerName": "Release Year",
          "javaVariableName": "releaseYear",
          "minWidth": 100,
          "searchDataType": "string",
        },
        Object {
          "colId": "contentSubType",
          "dataType": "string",
          "enableSearch": false,
          "field": "contentSubType",
          "headerName": "Content SubType",
          "hide": true,
          "javaVariableName": "contentSubType",
          "width": 120,
        },
        Object {
          "colId": "duration",
          "dataType": "string",
          "enableSearch": false,
          "field": "duration",
          "headerName": "Duration",
          "hide": true,
          "javaVariableName": "duration",
          "readOnly": true,
          "width": 120,
        },
        Object {
          "colId": "countryOfOrigin",
          "dataType": "string",
          "enableSearch": false,
          "field": "countryOfOrigin",
          "headerName": "Country of Origin",
          "hide": true,
          "javaVariableName": "countryOfOrigin",
          "readOnly": true,
          "width": 120,
        },
        Object {
          "colId": "animated",
          "dataType": "boolean",
          "enableSearch": false,
          "field": "animated",
          "headerName": "Animated",
          "hide": true,
          "javaVariableName": "animated",
          "readOnly": true,
          "width": 120,
        },
        Object {
          "colId": "eventType",
          "dataType": "string",
          "enableSearch": false,
          "field": "eventType",
          "headerName": "Event Type",
          "hide": true,
          "javaVariableName": "eventType",
          "readOnly": true,
          "width": 120,
        },
        Object {
          "colId": "originalLanguage",
          "dataType": "string",
          "enableSearch": false,
          "field": "originalLanguage",
          "headerName": "Original Language",
          "hide": true,
          "javaVariableName": "originalLanguage",
          "readOnly": true,
          "width": 120,
        },
        Object {
          "colId": "usBoxOffice",
          "dataType": "integer",
          "enableSearch": false,
          "field": "usBoxOffice",
          "headerName": "US Box Office",
          "hide": true,
          "javaVariableName": "usBoxOffice",
          "readOnly": true,
          "width": 120,
        },
        Object {
          "colId": "category",
          "dataType": "select",
          "enableSearch": false,
          "field": "category",
          "headerName": "Category",
          "hide": true,
          "javaVariableName": "category",
          "readOnly": true,
          "width": 150,
        },
        Object {
          "colId": "assetName",
          "dataType": "string",
          "enableSearch": false,
          "field": "assetName",
          "headerName": "Asset Name",
          "hide": true,
          "javaVariableName": "assetName",
          "readOnly": true,
          "width": 150,
        },
        Object {
          "colId": "eidrTitleId",
          "dataType": "string",
          "enableSearch": false,
          "field": "eidrTitleId",
          "headerName": "EIDR Title ID",
          "hide": true,
          "javaVariableName": "eidrTitleId",
          "readOnly": true,
          "width": 150,
        },
        Object {
          "colId": "tmsId",
          "dataType": "string",
          "enableSearch": false,
          "field": "tmsId",
          "headerName": "TMS ID",
          "hide": true,
          "javaVariableName": "tmsId",
          "readOnly": true,
          "width": 150,
        },
        Object {
          "colId": "eidrEditId",
          "dataType": "string",
          "enableSearch": false,
          "field": "eidrEditId",
          "headerName": "EIDR Edit ID",
          "hide": true,
          "javaVariableName": "eidrEditId",
          "readOnly": true,
          "width": 150,
        },
        Object {
          "colId": "xfinityMovieId",
          "dataType": "string",
          "enableSearch": false,
          "field": "xfinityMovieId",
          "headerName": "Xfinity Movie ID",
          "hide": true,
          "javaVariableName": "xfinityMovieId",
          "readOnly": true,
          "width": 150,
        },
        Object {
          "colId": "maId",
          "dataType": "string",
          "enableSearch": false,
          "field": "maId",
          "headerName": "MA ID",
          "hide": true,
          "javaVariableName": "maId",
          "readOnly": true,
          "width": 150,
        },
        Object {
          "colId": "isan",
          "dataType": "string",
          "enableSearch": false,
          "field": "isan",
          "headerName": "ISAN",
          "hide": true,
          "javaVariableName": "isan",
          "readOnly": true,
          "width": 150,
        },
        Object {
          "colId": "alid",
          "dataType": "string",
          "enableSearch": false,
          "field": "alid",
          "headerName": "ALID",
          "hide": true,
          "javaVariableName": "alid",
          "readOnly": true,
          "width": 150,
        },
        Object {
          "colId": "cid",
          "dataType": "string",
          "enableSearch": false,
          "field": "cid",
          "headerName": "C ID",
          "hide": true,
          "javaVariableName": "cid",
          "readOnly": true,
          "width": 150,
        },
        Object {
          "colId": "isrc",
          "dataType": "string",
          "enableSearch": false,
          "field": "isrc",
          "headerName": "ISRC",
          "hide": true,
          "javaVariableName": "isrc",
          "readOnly": true,
          "width": 150,
        },
      ]
    }
    onGridEvent={[Function]}
    setDisplayedRows={[Function]}
    setTotalCount={[Function]}
    suppressRowClickSelection={true}
  />
  <TitleMetadataTableStatusBar
    paginationData={
      Object {
        "pageSize": 0,
        "totalCount": 0,
      }
    }
  />
</div>
`;
