// Jest Snapshot v1, https://goo.gl/fbAQLP

exports[`DopTasksView should match snapshot 1`] = `
<div
  className="nexus-c-dop-tasks-view"
>
  <DopTasksHeader
    label="DOP Tasks"
  >
    <QueuedTasks
      setUser={[Function]}
    />
    <SavedTableDropdown
      applySavedTableDropDownFilter={[Function]}
    />
    <IconButton
      icon={[Function]}
      label="Refresh"
      onClick={[Function]}
    />
  </DopTasksHeader>
  <DopTasksTable
    externalFilter={
      Object {
        "user": "user",
      }
    }
    setExternalFilter={[Function]}
    setGridApi={[Function]}
  />
</div>
`;
