// Jest Snapshot v1, https://goo.gl/fbAQLP

exports[`DopTasksView should match snapshot 1`] = `
<div
  className="nexus-c-dop-tasks-view"
>
  <DopTasksHeader
    label="DOP Tasks"
  >
    <QueuedTasks
      onChange={[Function]}
      value="user"
    />
    <NexusSavedTableDropdown
      applyPredefinedTableView={[Function]}
      columnApi={null}
      currentUserView={Object {}}
      externalFilter={
        Object {
          "user": "user",
        }
      }
      gridApi={null}
      isDisabled={false}
      onUserDefinedViewSelected={[Function]}
      previousGridState={Array []}
      setBlockLastFilter={[Function]}
      setCurrentUserView={[Function]}
      setUserDefinedGridState={[Function]}
      tableLabels={
        Object {
          "predifinedViewsLabel": "Predefined Views",
          "savedDropdownLabel": "Saved Table View:",
          "savedViewslabel": "My Saved Views",
        }
      }
      tableOptions={
        Array [
          Object {
            "label": "All",
            "value": "all",
          },
          Object {
            "label": "Open",
            "value": "open",
          },
          Object {
            "label": "Not Started",
            "value": "notStarted",
          },
          Object {
            "label": "In Progress",
            "value": "inProgress",
          },
          Object {
            "label": "Closed",
            "value": "closed",
          },
        ]
      }
      updateColumnsAction={[Function]}
      userDefinedGridStates={Array []}
      username=""
    />
    <div
      className="nexus-c-dop-tasks-view__refresh-btn"
    >
      <IconButton
        icon={[Function]}
        isDisabled={false}
        label="Refresh"
        onClick={[Function]}
      />
    </div>
  </DopTasksHeader>
  <DopTasksTable
    assignTasks={[Function]}
    changePriority={[Function]}
    externalFilter={
      Object {
        "user": "user",
      }
    }
    setColumnApi={[Function]}
    setExternalFilter={[Function]}
    setGridApi={[Function]}
    unAssignTasks={[Function]}
  />
</div>
`;
