// Jest Snapshot v1, https://goo.gl/fbAQLP

exports[`QueuedTasks should match snapshot 1`] = `
<Dropdown
  columnClass="col-12"
  id="ddlTaskType"
  onChange={[Function]}
  options={
    Array [
      Object {
        "label": "My Tasks",
        "value": "user",
      },
      Object {
        "label": "Queued Tasks",
        "value": "*",
      },
    ]
  }
  placeholder="Queued Tasks"
  value="user"
/>
`;
