// Jest Snapshot v1, https://goo.gl/fbAQLP

exports[`SourceTable with rows Should match snapshot 1`] = `
<div
  className="nexus-c-sources"
>
  <div
    className="nexus-c-sources__header"
  >
    <h2>
      Sources (0)
    </h2>
    <div>
      Select source to view associated children services indicated by the badge
    </div>
  </div>
  <Connect(ComposedComponent)
    columnDefs={
      Array [
        Object {
          "cellRendererParams": Object {
            "data": Array [],
            "selectedBarcode": "",
          },
          "checkboxSelection": true,
          "colId": "radio",
          "field": "radio",
          "headerName": "",
          "lockPosition": true,
          "menuTabs": Array [],
          "pinned": "left",
          "resizable": false,
          "sortable": false,
          "suppressMovable": true,
          "suppressSizeToFit": true,
          "width": 35,
        },
        Object {
          "cellEditorFramework": undefined,
          "cellRendererFramework": [Function],
          "cellRendererParams": Object {
            "data": Array [],
          },
          "colId": "delete",
          "editable": false,
          "field": "buttons",
          "headerName": "",
          "lockPosition": true,
          "menuTabs": Array [],
          "pinned": "left",
          "resizable": false,
          "sortable": false,
          "suppressMovable": true,
          "suppressSizeToFit": true,
          "width": 35,
        },
        Object {
          "cellRendererFramework": [Function],
          "colId": "services",
          "field": "services",
          "headerName": "#",
          "lockPosition": true,
          "menuTabs": Array [],
          "pinned": "left",
          "resizable": false,
          "sortable": false,
          "suppressMovable": true,
          "suppressSizeToFit": true,
          "width": 35,
        },
        Object {
          "cellRenderer": [Function],
          "colId": "barcode",
          "editable": true,
          "field": "barcode",
          "headerName": "Barcode",
        },
        Object {
          "cellRenderer": [Function],
          "colId": "title",
          "field": "title",
          "headerName": "Title",
        },
        Object {
          "cellRenderer": [Function],
          "colId": "version",
          "field": "version",
          "headerName": "Version",
        },
        Object {
          "cellRenderer": [Function],
          "colId": "assetFormat",
          "field": "assetFormat",
          "headerName": "Asset Format",
        },
        Object {
          "cellRenderer": [Function],
          "colId": "standard",
          "field": "standard",
          "headerName": "Standard",
        },
        Object {
          "cellRenderer": [Function],
          "colId": "status",
          "field": "status",
          "headerName": "Status",
        },
      ]
    }
    defaultColDef={
      Object {
        "flex": 1,
        "sortable": true,
      }
    }
    domLayout="normal"
    notEditableColumns={
      Array [
        "title",
        "titleId",
        "amsAssetId",
        "standard",
      ]
    }
    onCellClicked={[Function]}
    onGridEvent={[Function]}
    rowData={Array []}
    rowSelection="single"
    selectValues={
      Object {
        "assetStatus": Array [
          "IN",
          "Being Fixed",
          "Being Made",
        ],
        "shipListId": Array [
          "Vubiquity",
          "Receipient",
        ],
        "shipVia": Array [
          "Aspera",
          "Smart Jogs",
        ],
      }
    }
  />
</div>
`;
