// Jest Snapshot v1, https://goo.gl/fbAQLP

exports[`TooltipCellRenderer should match snapshot 1`] = `
<NexusTooltip
  content={
    <ServicingOrdersTableStatusTooltip
      reportValues={Object {}}
    />
  }
  hasWhiteBackground={true}
  isDisabled={false}
>
  <span>
     
    12
     
  </span>
</NexusTooltip>
`;
