// Jest Snapshot v1, https://goo.gl/fbAQLP

exports[`SelectedForPlanningTab should match snapshot 1`] = `
<NexusTooltip
  content="Click to refresh"
  isDisabled={true}
>
  <div
    className="nexus-c-table-toolbar__title 
                        "
    onClick={[Function]}
  >
    Selected for Planning
     (
    0
    )
  </div>
</NexusTooltip>
`;
