// Jest Snapshot v1, https://goo.gl/fbAQLP

exports[`TitleDeleteModal Default TitleDeleteModal should match snapshot 1`] = `
<Dialog
  __TYPE="Dialog"
  appendTo={null}
  ariaCloseIconLabel="Close"
  baseZIndex={0}
  blockScroll={false}
  breakpoints={null}
  className="nexus-c-title-delete_dialog"
  closable={false}
  closeOnEscape={false}
  contentClassName={null}
  contentStyle={null}
  dismissableMask={false}
  draggable={true}
  focusOnShow={true}
  footer={
    <div
      className="col d-flex justify-content-end align-items-center"
    >
      <div
        className="d-flex"
      >
        <Button
          className="p-button-outlined p-button-secondary"
          iconPos="right"
          id="titleDeleteBtn"
          label="Delete"
          loadingIcon="pi pi-spin pi-spinner"
          onClick={[Function]}
        />
        <Button
          className="p-button-outlined"
          id="titleCancelBtn"
          label="Cancel"
          onClick={[Function]}
        />
      </div>
    </div>
  }
  header="Delete Title(s)"
  headerClassName={null}
  headerStyle={null}
  icons={null}
  id={null}
  keepInViewport={true}
  maskClassName={null}
  maskStyle={null}
  maximizable={false}
  maximized={false}
  minX={0}
  minY={0}
  modal={true}
  onClick={null}
  onDrag={null}
  onDragEnd={null}
  onDragStart={null}
  onHide={null}
  onMaskClick={null}
  onMaximize={null}
  onResize={null}
  onResizeEnd={null}
  onResizeStart={null}
  onShow={null}
  position="center"
  resizable={true}
  rtl={false}
  showHeader={true}
  style={
    Object {
      "width": "45vw",
    }
  }
  transitionOptions={null}
  visible={true}
/>
`;
