// Jest Snapshot v1, https://goo.gl/fbAQLP

exports[`IngestConfirmation should match snapshot 1`] = `
<div
  className="nexus-c-ingest-confirmation"
>
  <p
    className="nexus-c-ingest-confirmation__message"
  >
    You have assigned your upload with:
  </p>
  <div
    className="nexus-c-ingest-confirmation__content"
  >
    <p>
      Licensor: 
      1091
    </p>
    <p>
      Service Region: 
      UK
    </p>
    <p>
      Licensee: 
      CVA, Cell C
    </p>
    <p>
      Catalog: 
      No
    </p>
  </div>
  <div
    className="nexus-c-ingest-confirmation__actions"
  >
    <p>
      Do you wish to continue?
    </p>
    <div
      className="nexus-c-ingest-confirmation__btn-wrapper d-flex justify-content-end"
    >
      <Button
        className="p-button-outlined p-button-secondary nexus-c-ingest-confirmation__cancel-btn"
        label="Cancel"
        onClick={[MockFunction]}
      />
      <Button
        className="p-button-outlined nexus-c-ingest-confirmation__continue-btn"
        label="Continue"
        onClick={[MockFunction]}
      />
    </div>
  </div>
</div>
`;
