// Jest Snapshot v1, https://goo.gl/fbAQLP

exports[`EndpointContainer should match snapshot 1`] = `
<div
  className="nexus-c-endpoint-container h-100"
>
  <NexusDataPanel
    contentFooter={
      <div
        className="row mt-2"
      >
        <div
          className="col-12 text-center"
        />
      </div>
    }
    data={Array []}
    header={
      <div>
        <NexusEntity
          actions={Array []}
          disableHover={false}
          flag1=""
          flag2=""
          heading=""
          isActive={false}
          isRequired={false}
          tag=""
          type="subheader"
        />
        <div
          className="nexus-c-searchbox-wrapper w-100 container-fluid nexus-c-search-wrapper-padding-right"
        >
          <div
            className="row my-2 align-items-center"
          >
            <div
              className="col-10"
            >
              <span
                className="p-input-icon-left"
              >
                <i
                  className="pi pi-search"
                />
                <Memo(InputText)
                  __TYPE="InputText"
                  className="nexus-c-search__inputbox"
                  id="config_search_field__inp"
                  keyfilter={null}
                  name="config_search_field__inp"
                  onChange={[Function]}
                  onInput={null}
                  onKeyPress={null}
                  onPaste={null}
                  tooltip={null}
                  tooltipOptions={null}
                  validateOnly={false}
                  value=""
                />
              </span>
            </div>
            <div
              className="col-2 text-end"
            >
              <Restricted
                resource="settingsCreate"
              >
                <Button
                  className="p-button-text"
                  icon="po po-add"
                  id="add_new_config__btn"
                  onClick={[Function]}
                />
              </Restricted>
            </div>
          </div>
        </div>
      </div>
    }
    itemTemplate={[Function]}
    loading={false}
  />
</div>
`;
