// Jest Snapshot v1, https://goo.gl/fbAQLP

exports[`JuiceBoxSection Should match snapshot 1`] = `
<div>
  <h2>
    JuiceBox Fulfillment Order
  </h2>
  <div
    className="nexus-jb-lang-label"
  >
    <SectionMessage
      appearance="info"
      title="Data not available"
    >
      <p>
        Language not available with this order.
      </p>
    </SectionMessage>
  </div>
</div>
`;
