// Jest Snapshot v1, https://goo.gl/fbAQLP

exports[`BulkDelete should match snapshot 1`] = `
<div
  className="nexus-c-bulk-delete"
>
  <div
    className="nexus-c-bulk-delete__message"
  >
    You have selected one or more rights to be marked as deleted. Making a right as deleted means it can no longer be used.
  </div>
  <div
    className="nexus-c-bulk-delete__table"
  >
    <div
      className="nexus-c-bulk-delete__table-header"
    >
      The following linked TPR/Bonus rights will also be marked as deleted:
    </div>
    <DynamicTable
      defaultPage={1}
      head={
        Object {
          "cells": Array [
            Object {
              "content": "Linked Rights",
              "key": 1,
              "width": 30,
            },
            Object {
              "content": "Right ID",
              "key": 2,
              "width": 15,
            },
            Object {
              "content": "Type",
              "key": 3,
              "width": 10,
            },
            Object {
              "content": "Original Right",
              "key": 4,
              "width": 25,
            },
            Object {
              "content": "Source Right",
              "key": 5,
              "width": 20,
            },
          ],
        }
      }
      isFixedSize={false}
      isLoading={false}
      isRankable={false}
      loadingSpinnerSize="large"
      onSetPage={[Function]}
      onSort={[Function]}
      rows={
        Array [
          Object {
            "cells": Array [
              Object {
                "content": "title1",
                "key": "1-linkedRights",
              },
              Object {
                "content": "",
                "key": "1-rightID",
              },
              Object {
                "content": "",
                "key": "1-type",
              },
              Object {
                "content": "",
                "key": "1-originalRight",
              },
              Object {
                "content": "",
                "key": "1-sourceRight",
              },
            ],
            "key": 1,
          },
          Object {
            "cells": Array [
              Object {
                "content": "title12",
                "key": "2-linkedRights",
              },
              Object {
                "content": "",
                "key": "2-rightID",
              },
              Object {
                "content": "",
                "key": "2-type",
              },
              Object {
                "content": "",
                "key": "2-originalRight",
              },
              Object {
                "content": "",
                "key": "2-sourceRight",
              },
            ],
            "key": 2,
          },
        ]
      }
      rowsPerPage={Infinity}
    />
  </div>
  <div
    className="nexus-c-bulk-delete__continue"
  >
    How would you like to continue?
  </div>
  <div
    className="nexus-c-bulk-delete__btn-wrapper"
  >
    <WithAnalyticsContext(WithAnalyticsEvents(Button))
      appearance="subtle"
      className="nexus-c-bulk-delete__cancel-btn"
      isDisabled={false}
      onClick={[Function]}
    >
      Cancel
    </WithAnalyticsContext(WithAnalyticsEvents(Button))>
    <WithAnalyticsContext(WithAnalyticsEvents(Button))
      appearance="primary"
      className="nexus-c-bulk-delete__delete-btn"
      isDisabled={false}
      onClick={[Function]}
    >
      Mark as Deleted
    </WithAnalyticsContext(WithAnalyticsEvents(Button))>
  </div>
</div>
`;
