// Jest Snapshot v1, https://goo.gl/fbAQLP

exports[`BulkDelete should match snapshot 1`] = `
<div
  className="nexus-c-bulk-delete"
>
  <div
    className="nexus-c-bulk-delete__message"
  >
    You have selected one or more rights to be marked as deleted. Making a right as deleted means it can no longer be used.
  </div>
  <div
    className="nexus-c-bulk-delete__container"
  />
  <div
    className="nexus-c-bulk-delete__continue"
  >
    How would you like to continue?
  </div>
  <div
    className="nexus-c-bulk-delete__btn-wrapper"
  >
    <WithAnalyticsContext(WithAnalyticsEvents(Button))
      appearance="subtle"
      className="nexus-c-bulk-delete__cancel-btn"
      isDisabled={false}
      onClick={[Function]}
    >
      Cancel
    </WithAnalyticsContext(WithAnalyticsEvents(Button))>
    <WithAnalyticsContext(WithAnalyticsEvents(Button))
      appearance="primary"
      className="nexus-c-bulk-delete__delete-btn"
      isDisabled={false}
      onClick={[Function]}
    >
      Mark as Deleted
    </WithAnalyticsContext(WithAnalyticsEvents(Button))>
  </div>
</div>
`;
