// Jest Snapshot v1, https://goo.gl/fbAQLP

exports[`BulkDelete should match snapshot 1`] = `
<div
  className="nexus-c-bulk-delete"
>
  <div
    className="nexus-c-bulk-delete__message"
  >
    You have selected one or more rights to be marked as deleted. Making a right as deleted means it can no longer be used.
  </div>
  <div
    className="nexus-c-bulk-delete__container"
  />
  <BulkDeleteActions
    onClose={[Function]}
    onSubmit={[Function]}
  />
</div>
`;
