// Jest Snapshot v1, https://goo.gl/fbAQLP

exports[`ServicingOrdersView HTML content should match snapshot 1`] = `
<div
  className="nexus-c-servicing-orders"
>
  <h1>
    Servicing Orders
  </h1>
  <div
    className="nexus-c-servicing-orders__external-filters"
  >
    <div
      className="nexus-c-servicing-orders__customer-filter"
    >
      <label
        htmlFor="customer"
      >
        Customer
      </label>
      <WithAnalyticsContext(WithAnalyticsEvents(AtlaskitSelect))
        className="nexus-c-servicing-orders__customer-filter--select"
        name="customer"
        onChange={[Function]}
        options={
          Array [
            Object {
              "label": "Select...",
              "value": "",
            },
            Object {
              "label": "MGM",
              "value": "MGM",
            },
            Object {
              "label": "WB",
              "value": "WB",
            },
          ]
        }
        placeholder="Select..."
        value={
          Object {
            "label": "Select...",
            "value": "",
          }
        }
      />
    </div>
    <WithAnalyticsContext(WithAnalyticsEvents(Button))
      isSelected={false}
      onClick={[Function]}
    >
      Hide Ready
    </WithAnalyticsContext(WithAnalyticsEvents(Button))>
    <WithAnalyticsContext(WithAnalyticsEvents(Button))
      isSelected={false}
      onClick={[Function]}
    >
      Hide Completed
    </WithAnalyticsContext(WithAnalyticsEvents(Button))>
    <WithAnalyticsContext(WithAnalyticsEvents(Button))
      isDisabled={true}
      isLoading={false}
      onClick={[Function]}
    >
      Export
    </WithAnalyticsContext(WithAnalyticsEvents(Button))>
  </div>
  <ServicingOrdersTable
    dataRefreshComplete={[Function]}
    externalFilter={Object {}}
    fixedFilter={Object {}}
    isRefreshData={false}
    setSelectedServicingOrders={[Function]}
  />
</div>
`;
