// Jest Snapshot v1, https://goo.gl/fbAQLP

exports[`NexusTab should match snapshot 1`] = `
<NexusTooltip
  content=""
  hasWhiteBackground={false}
  isDisabled={false}
>
  <div
    className="nexus-c-nexus-tab nexus-c-nexus-tab--is-active"
    onClick={[Function]}
  >
    Title
     (
    0
    )
  </div>
</NexusTooltip>
`;
