// Jest Snapshot v1, https://goo.gl/fbAQLP

exports[`SelectedForPlanning should match snapshot 1`] = `
<Connect(ComposedComponent)
  columnDefs={
    Array [
      Object {
        "colId": "rightID",
        "field": "rightID",
        "headerName": "Right ID",
        "width": 150,
      },
      Object {
        "colId": "title",
        "field": "title",
        "headerName": "Title",
        "width": 180,
      },
      Object {
        "colId": "territory",
        "field": "territory",
        "headerName": "Planned Territory",
        "width": 150,
      },
      Object {
        "colId": "keywords",
        "field": "keywords",
        "headerName": "Keywords",
        "width": 150,
      },
      Object {
        "cellRenderer": "loadingCellRenderer",
        "cellRendererParams": Object {
          "link": "null/AmdocsOSS/Portal/index.html?launchApp=Projects&projectId=",
        },
        "colId": "projectId",
        "field": "projectId",
        "headerName": "DOP Status",
        "valueFormatter": [Function],
        "width": 180,
      },
      Object {
        "colId": "format",
        "field": "format",
        "headerName": "Format",
        "width": 120,
      },
      Object {
        "colId": "licensor",
        "field": "licensor",
        "headerName": "Licensor",
        "width": 120,
      },
      Object {
        "colId": "licensee",
        "field": "licensee",
        "headerName": "Licensee",
        "width": 120,
      },
      Object {
        "colId": "licenseType",
        "field": "licenseType",
        "headerName": "License type",
        "width": 120,
      },
    ]
  }
  dragStopped={[Function]}
  id="selectedForPlanningRepo"
  isGridHidden={true}
  key="planning_table_undefined"
  onGridEvent={[Function]}
  rowSelection="multiple"
  suppressRowClickSelection={true}
/>
`;
