// Jest Snapshot v1, https://goo.gl/fbAQLP

exports[`IngestReport should match snapshot 1`] = `
<div
  className="ingest-report"
>
  <div
    className="ingest-report__fields"
  >
    <div
      className="ingest-report__field"
      key="total"
      onClick={[Function]}
      role="button"
    >
      <span
        className="ingest-report__field-label"
      >
        Rights
      </span>
      <div
        className="ingest-report__field-value filter-active"
      >
        20001
      </div>
    </div>
    <div
      className="ingest-report__field"
      key="created"
      onClick={[Function]}
      role="button"
    >
      <span
        className="ingest-report__field-label"
      >
        New
      </span>
      <div
        className="ingest-report__field-value"
      >
        1001
      </div>
    </div>
    <div
      className="ingest-report__field"
      key="updated"
      onClick={[Function]}
      role="button"
    >
      <span
        className="ingest-report__field-label"
      >
        Updated
      </span>
      <div
        className="ingest-report__field-value"
      >
        19999
      </div>
    </div>
    <div
      className="ingest-report__field"
      key="fatal"
      onClick={[Function]}
      role="button"
    >
      <span
        className="ingest-report__field-label ingest-report__field-label--is-selectable"
      >
        Fatals
      </span>
      <div
        className="ingest-report__field-value ingest-report__field-value--is-selectable"
      >
        3
      </div>
    </div>
    <NexusTooltip
      content="Original Value: Pending (0)"
      hasWhiteBackground={false}
      isDisabled={false}
      key="pending"
    >
      <div
        className="ingest-report__field"
        key="pending"
        onClick={[Function]}
        role="button"
      >
        <span
          className="ingest-report__field-label"
        >
          Pending
        </span>
        <div
          className="ingest-report__field-value"
        >
          0
        </div>
      </div>
    </NexusTooltip>
    <NexusTooltip
      content="Original Value: Errors (2)"
      hasWhiteBackground={false}
      isDisabled={false}
      key="errors"
    >
      <div
        className="ingest-report__field"
        key="errors"
        onClick={[Function]}
        role="button"
      >
        <span
          className="ingest-report__field-label"
        >
          Errors
        </span>
        <div
          className="ingest-report__field-value"
        >
          0
        </div>
      </div>
    </NexusTooltip>
  </div>
  <span
    className="ingest-report__error-message"
  >
    Some attachments could not be processed
  </span>
</div>
`;
