// Jest Snapshot v1, https://goo.gl/fbAQLP

exports[`PartnerRequest should match snapshot 1`] = `
<styled.div>
  <AkPage
    bannerHeight={52}
    isBannerOpen={false}
  >
    <WithTheme(AkGrid)
      layout="fluid"
    >
      <WithTheme(AkGridColumn)>
        <WithTheme(AkGrid)
          layout="fluid"
        >
          <WithTheme(AkGridColumn)
            medium={2}
          >
            <styled.div>
              <h6>
                Studio
              </h6>
              <styled.p>
                N/A
              </styled.p>
            </styled.div>
            <styled.div>
              <h6>
                MSS Order Details
              </h6>
              <styled.p>
                345
              </styled.p>
            </styled.div>
          </WithTheme(AkGridColumn)>
          <WithTheme(AkGridColumn)>
            <styled.div>
              <h6>
                Created Date
              </h6>
              <styled.p>
                N/A
              </styled.p>
            </styled.div>
            <styled.div>
              <h6>
                Created By
              </h6>
              <styled.p>
                N/A
              </styled.p>
            </styled.div>
          </WithTheme(AkGridColumn)>
        </WithTheme(AkGrid)>
      </WithTheme(AkGridColumn)>
    </WithTheme(AkGrid)>
    <styled.div>
      <NexusGrid
        columnDefs={
          Array [
            Object {
              "cellRendererFramework": [Function],
              "colId": "productDesc",
              "field": "productDesc",
              "headerName": "Title",
              "maxWidth": 150,
              "minWidth": 80,
            },
            Object {
              "cellRendererFramework": [Function],
              "colId": "version",
              "field": "version",
              "headerName": "Version",
            },
            Object {
              "cellRendererFramework": [Function],
              "colId": "srdueDate",
              "field": "srdueDate",
              "headerName": "Due Date",
            },
            Object {
              "cellRendererFramework": [Function],
              "colId": "materialNotes",
              "field": "materialNotes",
              "headerName": "Notes",
              "maxWidth": 500,
              "minWidth": 80,
            },
            Object {
              "cellRendererFramework": [Function],
              "colId": "primaryVideo",
              "field": "primaryVideo",
              "headerName": "Primary Video",
              "suppressSizeToFit": true,
            },
            Object {
              "cellRendererFramework": [Function],
              "colId": "secondaryAudio",
              "field": "secondaryAudio",
              "headerName": "Secondary Audio",
              "suppressSizeToFit": true,
            },
            Object {
              "cellRendererFramework": [Function],
              "colId": "subtitlesFull",
              "field": "subtitlesFull",
              "headerName": "Subtitles Full",
              "suppressSizeToFit": true,
            },
            Object {
              "cellRendererFramework": [Function],
              "colId": "subtitlesForced",
              "field": "subtitlesForced",
              "headerName": "Subtitles Forced",
              "suppressSizeToFit": true,
            },
            Object {
              "cellRendererFramework": [Function],
              "colId": "trailer",
              "field": "trailer",
              "headerName": "Trailer",
              "suppressSizeToFit": true,
            },
            Object {
              "cellRendererFramework": [Function],
              "colId": "metaData",
              "field": "metaData",
              "headerName": "Metadata",
              "suppressSizeToFit": true,
            },
            Object {
              "cellRendererFramework": [Function],
              "colId": "artWork",
              "field": "artWork",
              "headerName": "Artwork",
              "suppressSizeToFit": true,
            },
          ]
        }
        defaultColDef={
          Object {
            "autoHeight": true,
            "cellClass": "cell",
            "resizable": true,
          }
        }
        isGridHidden={false}
        onFirstDataRendered={[Function]}
        onGridEvent={null}
        rowData={Array []}
        setRowData={null}
      />
    </styled.div>
  </AkPage>
</styled.div>
`;
