// Jest Snapshot v1, https://goo.gl/fbAQLP

exports[`PartnerRequest should match snapshot 1`] = `
<styled.div>
  <AkPage
    bannerHeight={52}
    isBannerOpen={false}
  >
    <WithTheme(AkGrid)>
      <WithTheme(AkGridColumn)>
        <styled.h1>
          Partner Request
        </styled.h1>
        <WithTheme(AkGrid)
          layout="fluid"
          spacing="comfortable"
        >
          <WithTheme(AkGridColumn)
            medium={2}
          >
            <styled.div>
              <h6>
                Studio
              </h6>
              <styled.p />
            </styled.div>
            <styled.div>
              <h6>
                MSS Order Details
              </h6>
              <styled.p>
                345
              </styled.p>
            </styled.div>
          </WithTheme(AkGridColumn)>
          <WithTheme(AkGridColumn)>
            <styled.div>
              <h6>
                Created Date
              </h6>
              <styled.p>
                N/A
              </styled.p>
            </styled.div>
            <styled.div>
              <h6>
                Created By
              </h6>
              <styled.p>
                N/A
              </styled.p>
            </styled.div>
          </WithTheme(AkGridColumn)>
        </WithTheme(AkGrid)>
        <styled.div>
          <DynamicTable
            defaultPage={1}
            emptyView={
              <h4>
                There are no partner requests.
              </h4>
            }
            head={
              Object {
                "cells": Array [
                  Object {
                    "content": "Title",
                    "isSortable": false,
                    "key": "productDesc",
                  },
                  Object {
                    "content": "Version",
                    "isSortable": false,
                    "key": "version",
                  },
                  Object {
                    "content": "Due Date",
                    "isSortable": false,
                    "key": "srdueDate",
                  },
                  Object {
                    "content": "Notes",
                    "isSortable": false,
                    "key": "materialNotes",
                  },
                  Object {
                    "content": "Primary Video",
                    "isSortable": false,
                    "key": "primaryVideo",
                  },
                  Object {
                    "content": "Secondary Audio",
                    "isSortable": false,
                    "key": "secondaryAudio",
                  },
                  Object {
                    "content": "Sub-titles Full",
                    "isSortable": false,
                    "key": "subtitlesFull",
                  },
                  Object {
                    "content": "Sub-titles Forced",
                    "isSortable": false,
                    "key": "subtitlesForced",
                  },
                  Object {
                    "content": "Trailer",
                    "isSortable": false,
                    "key": "trailer",
                  },
                  Object {
                    "content": "Metadata",
                    "isSortable": false,
                    "key": "metaData",
                  },
                  Object {
                    "content": "Artwork",
                    "isSortable": false,
                    "key": "artWork",
                  },
                ],
              }
            }
            isFixedSize={false}
            isLoading={true}
            isRankable={false}
            onSetPage={[Function]}
            onSort={[Function]}
            rows={Array []}
            rowsPerPage={Infinity}
          />
        </styled.div>
      </WithTheme(AkGridColumn)>
    </WithTheme(AkGrid)>
  </AkPage>
</styled.div>
`;
