// Jest Snapshot v1, https://goo.gl/fbAQLP

exports[`RightDetails should match snapshot 1`] = `
<div
  className="nexus-c-right-details"
>
  <NexusForm
    data={
      Object {
        "rating": Object {
          "ratingReason": null,
          "ratingSystem": "system X",
          "ratingValue": null,
        },
        "rightId": "1234",
        "title": "Some title",
      }
    }
    fields={
      Object {
        "ratingSystem": Object {
          "label": "Rating System",
          "path": "rating.ratingSystem",
          "type": "string",
        },
        "rightId": Object {
          "isDisabled": true,
          "label": "Right ID",
          "path": "rightId",
          "type": "string",
        },
        "title": Object {
          "dependencies": Object {
            "field": "coreTitleId",
            "type": "readOnly",
            "view": "edit",
          },
          "isRequired": true,
          "label": "Title",
          "path": "title",
          "tooltipMessage": "Required when coreTitleId exists",
          "type": "string",
        },
      }
    }
  />
  <NexusDynamicForm
    schema={
      Array [
        Object {
          "sections": Array [
            Object {
              "fields": Array [
                Object {
                  "label": "Right ID",
                  "type": "text",
                },
              ],
              "title": "Basic Info",
            },
            Object {
              "fields": Array [],
              "title": "Territory",
            },
            Object {
              "fields": Array [],
              "title": "Content",
            },
          ],
          "title": "Basic Info",
        },
        Object {
          "sections": Array [
            Object {
              "fields": Array [],
              "title": "Title",
            },
          ],
          "title": "Title",
        },
        Object {
          "sections": Array [
            Object {
              "fields": Array [],
              "title": "Localization",
            },
          ],
          "title": "Localization",
        },
        Object {
          "sections": Array [
            Object {
              "fields": Array [],
              "title": "Series",
            },
          ],
          "title": "Series",
        },
        Object {
          "sections": Array [
            Object {
              "fields": Array [],
              "title": "Rating",
            },
          ],
          "title": "Rating",
        },
        Object {
          "sections": Array [
            Object {
              "fields": Array [],
              "title": "Pricing",
            },
          ],
          "title": "Pricing",
        },
        Object {
          "sections": Array [
            Object {
              "fields": Array [],
              "title": "Branding",
            },
          ],
          "title": "Branding",
        },
        Object {
          "sections": Array [
            Object {
              "fields": Array [],
              "title": "Package",
            },
          ],
          "title": "Package",
        },
        Object {
          "sections": Array [
            Object {
              "fields": Array [],
              "title": "Change Log",
            },
          ],
          "title": "Change Log",
        },
      ]
    }
  />
</div>
`;
