// Jest Snapshot v1, https://goo.gl/fbAQLP

exports[`RightDetails should match snapshot 1`] = `
<ContextProvider
  value={null}
>
  <Memo(RightDetails)
    clearRight={[Function]}
    getRight={[Function]}
    isFetching={false}
    isSaving={false}
    match={
      Object {
        "params": Object {
          "id": "rght_zrp8g",
        },
      }
    }
    right={Object {}}
    selectValues={
      Object {
        "format": Array [
          Object {
            "value": "HD",
          },
        ],
      }
    }
    store={
      Object {
        "clearActions": [Function],
        "dispatch": [Function],
        "getActions": [Function],
        "getState": [Function],
        "replaceReducer": [Function],
        "subscribe": [Function],
      }
    }
    updateRight={[Function]}
  />
</ContextProvider>
`;
