// Jest Snapshot v1, https://goo.gl/fbAQLP

exports[`FulfillmentOrderPanel should match snapshot 1`] = `
<div
  className="nexus-c-fulfillment-order-panel"
  onClick={[Function]}
>
  <div
    className="nexus-c-fulfillment-order-panel__title-and-date"
  >
    <div
      className="nexus-c-fulfillment-order-panel__servicer"
    >
      <span
        className="nexus-c-fulfillment-order-panel__servicer-label"
      >
        DETE
      </span>
    </div>
    <div
      className="nexus-c-fulfillment-order-panel__order-info"
    >
      <div
        className="nexus-c-fulfillment-order-panel__title-container"
      >
        <span
          className="nexus-c-fulfillment-order-panel__title"
          title="VU000134567-001"
        >
          COVFEFE
        </span>
      </div>
      <span
        className="nexus-c-fulfillment-order-panel__date"
      >
        Due Date: 
        10/05/2021
      </span>
    </div>
  </div>
  <div
    className="nexus-c-fulfillment-order-panel__description-and-status"
  >
    <span
      className="nexus-c-fulfillment-order-panel__description"
    />
    <StatusTag
      status="FO_COMPLETED"
    />
  </div>
</div>
`;
