// Jest Snapshot v1, https://goo.gl/fbAQLP

exports[`StatusLogRightsTable should match snapshot 1`] = `
<div
  className="nexus-c-status-log-table"
>
  <AvailsTableToolbar
    activeTab="Status"
    columnApi={Object {}}
    gridApi={Object {}}
    hasDownloadButton={true}
    isSelected={false}
    rightsFilter={Object {}}
    selectedRowsCount={0}
    setIsSelected={[Function]}
    showSelectedButton={true}
    toolbarActions={
      <StatusRightsActions
        rights={Array []}
      />
    }
    totalRecordsCount={0}
    username=""
  />
  <Component
    className="nexus-c-status-log-grid"
    columnDefs={Array []}
    context={
      Object {
        "selectedRows": Array [],
      }
    }
    isRowSelectable={[Function]}
    mapping={
      Array [
        Object {
          "colId": "status",
          "dataType": "select",
          "displayName": "Status",
          "enableEdit": true,
          "enableSearch": true,
          "field": "status",
          "headerName": "Status",
          "javaVariableName": "status",
          "minWidth": 100,
          "options": Array [
            "SUCCESS",
            "FAIL",
            "PENDING",
            "DELETED",
          ],
          "readOnly": false,
          "searchDataType": "multiselect",
        },
        Object {
          "colId": "rightTitle",
          "field": "rightTitle",
          "headerName": "Right Title",
          "javaVariableName": "rightTitle",
          "minWidth": 150,
        },
        Object {
          "colId": "entityId",
          "dataType": "string",
          "enableSearch": true,
          "field": "entityId",
          "headerName": "Right ID",
          "javaVariableName": "entityId",
          "minWidth": 150,
          "searchDataType": "string",
        },
        Object {
          "colId": "titleId",
          "dataType": "string",
          "enableSearch": true,
          "field": "titleId",
          "headerName": "Title ID",
          "javaVariableName": "titleId",
          "minWidth": 150,
          "searchDataType": "string",
        },
        Object {
          "colId": "externalSystem",
          "field": "externalSystem",
          "headerName": "External System",
          "javaVariableName": "externalSystem",
          "minWidth": 120,
        },
        Object {
          "colId": "updatedAt",
          "dataType": "timestamp",
          "enableSearch": true,
          "field": "updatedAt",
          "headerName": "Synced date",
          "javaVariableName": "updatedAt",
          "minWidth": 150,
          "searchDataType": "regionalMidnight",
        },
        Object {
          "cellRenderer": "publishErrors",
          "colId": "publishErrors",
          "field": "publishErrors",
          "headerName": "Errors",
          "javaVariableName": "publishErrors",
          "minWidth": 100,
        },
      ]
    }
    onGridEvent={[Function]}
    rowClassRules={
      Object {
        "disable-selected": [Function],
      }
    }
    rowSelection="multiple"
    suppressRowClickSelection={true}
  />
  <NexusDrawer
    direction="fromRight"
    headerContent={null}
    isClosedOnBlur={true}
    isLoading={false}
    isOpen={false}
    onClose={[Function]}
    title="Publish Errors"
    width="wider"
  >
    <div
      className="nexus-c-sync-log-table__errors-table"
    >
      <div
        className="nexus-c-sync-log-table__errors-table--header-cell"
        key="type"
      >
        TYPE
      </div>
      <div
        className="nexus-c-sync-log-table__errors-table--header-cell"
        key="description"
      >
        DESCRIPTION
      </div>
    </div>
  </NexusDrawer>
</div>
`;
