// Jest Snapshot v1, https://goo.gl/fbAQLP

exports[`NexusCharacterNameModal should match snapshot 1`] = `
<Modal
  autoFocus={true}
  backdrop={true}
  backdropTransition={
    Object {
      "mountOnEnter": true,
      "timeout": 150,
    }
  }
  centered={false}
  container="body"
  fade={true}
  isOpen={true}
  keyboard={true}
  modalTransition={
    Object {
      "timeout": 300,
    }
  }
  onClosed={[Function]}
  onOpened={[Function]}
  returnFocusAfterClose={true}
  role="dialog"
  scrollable={false}
  toggle={[Function]}
  unmountOnClose={true}
  zIndex={1050}
>
  <ModalHeader
    charCode={215}
    closeAriaLabel="Close"
    tag="h5"
    toggle={[Function]}
    wrapTag="div"
  >
    Edit
     Character Name
  </ModalHeader>
  <ModalBody
    tag="div"
  >
    <styled.div
      htmlFor="displayName"
    >
      Display Name
    </styled.div>
    <styled.input
      disabled={true}
      name="displayName"
      readOnly={true}
      value="hint"
    />
    <styled.div
      htmlFor="characterName"
      isError={false}
    >
      Character Name
    </styled.div>
    <styled.input
      isError={false}
      name="characterName"
      onChange={[Function]}
      placeholder="Character Name"
      value="test"
    />
  </ModalBody>
  <ModalFooter
    tag="div"
  >
    <WithAnalyticsContext(WithAnalyticsEvents(Button))
      appearance="primary"
      isDisabled={false}
      onClick={[Function]}
    >
      OK
    </WithAnalyticsContext(WithAnalyticsEvents(Button))>
    <WithAnalyticsContext(WithAnalyticsEvents(Button))
      appearance="danger"
      onClick={[Function]}
    >
      Cancel
    </WithAnalyticsContext(WithAnalyticsEvents(Button))>
  </ModalFooter>
</Modal>
`;
