// Jest Snapshot v1, https://goo.gl/fbAQLP

exports[`ServicesTable should match snapshot 1`] = `
<div
  className="nexus-c-services-table"
>
  <div
    className="nexus-c-services-table__header"
  >
    <h3
      className="nexus-c-services-table__title"
    >
      Services (0)
    </h3>
    <div
      className="nexus-c-services-table__subtitle"
    >
      Barcode
      : 
    </div>
    <div
      className="nexus-c-services-table__add-icon"
    >
      <[object Object]
        onClick={[Function]}
      />
    </div>
  </div>
  <Connect(ComposedComponent)
    columnDefs={
      Array [
        Object {
          "cellRendererFramework": [Function],
          "colId": "serviceId",
          "field": "serviceId",
          "headerName": "#",
          "lockPosition": true,
          "menuTabs": Array [],
          "pinned": "left",
          "resizable": false,
          "sortable": false,
          "suppressMovable": true,
          "suppressSizeToFit": true,
          "width": 30,
        },
        Object {
          "cellEditorFramework": undefined,
          "cellRendererFramework": [Function],
          "cellRendererParams": undefined,
          "colId": "",
          "editable": false,
          "field": "buttons",
          "headerName": "",
          "lockPinned": true,
          "lockPosition": false,
          "menuTabs": Array [],
          "pinned": "left",
          "resizable": false,
          "sortable": false,
          "suppressMovable": true,
          "suppressSizeToFit": true,
          "width": 30,
        },
        Object {
          "colId": "serviceType",
          "dataSource": "serviceType",
          "field": "serviceType",
          "headerName": "Service Type",
          "width": 150,
        },
        Object {
          "colId": "assetType",
          "dataSource": "assetType",
          "field": "assetType",
          "headerName": "Asset Type",
          "width": 120,
        },
        Object {
          "cellRendererFramework": [Function],
          "colId": "spec",
          "dataSource": "spec",
          "field": "spec",
          "headerName": "Format Sheet",
          "onCellClicked": [Function],
          "width": 260,
        },
        Object {
          "autoHeight": true,
          "cellRenderer": "componentCellRenderer",
          "cellRendererParams": Object {
            "data": Object {
              "amsAssetId": "DA16129",
              "assetFormat": "VIDEO_CONFORMANCEGROUP",
              "assetType": "DETE_FILE",
              "barcode": "DA16129",
              "deteServices": Array [
                Object {
                  "addRecipient": "MGM",
                  "componentId": "LOL-123",
                  "operationalStatus": "In Progress",
                  "sourceStandard": "_1080_23_976",
                  "spec": "M-DBS-2398 SCC",
                  "standard": "Forced",
                  "type": "Subtitles",
                  "version": "French",
                },
              ],
              "externalId": "DA16129",
              "externalSystem": "VSOM",
              "fs": "DETE",
              "startDate": "2020-05-19T15:13:13.731-03:00",
              "title": "test title",
            },
            "deteComponents": undefined,
            "services": Object {},
            "tableData": Array [],
          },
          "colId": "components",
          "dataSource": "components",
          "field": "components",
          "headerName": "Components",
          "width": 250,
        },
        Object {
          "colId": "doNotStartBefore",
          "field": "doNotStartBefore",
          "headerName": "Do not start before",
          "valueFormatter": [Function],
          "width": 200,
        },
        Object {
          "colId": "priority",
          "dataSource": "priority",
          "field": "priority",
          "headerName": "Priority",
          "width": 90,
        },
        Object {
          "colId": "recipient",
          "field": "recipient",
          "headerName": "Recipient",
          "width": 140,
        },
        Object {
          "cellRendererFramework": [Function],
          "cellRendererParams": Object {
            "tableData": Array [],
          },
          "colId": "operationalStatus",
          "field": "operationalStatus",
          "headerName": "Operational Status",
          "sortable": false,
          "width": 170,
        },
      ]
    }
    defaultColDef={
      Object {
        "resizable": true,
        "sortable": true,
      }
    }
    domLayout="autoHeight"
    frameworkComponents={
      Object {
        "componentCellRenderer": [Function],
      }
    }
    isMenuHidden={false}
    mapping={
      Array [
        Object {
          "dataType": "select",
          "displayName": "Service Type",
          "enableEdit": true,
          "enableSearch": true,
          "javaVariableName": "serviceType",
          "queryParamName": "serviceType",
          "readOnly": false,
          "required": true,
        },
        Object {
          "dataType": "select",
          "displayName": "Asset Type",
          "enableEdit": true,
          "enableSearch": true,
          "javaVariableName": "assetType",
          "queryParamName": "assetType",
          "readOnly": false,
          "required": true,
        },
        Object {
          "dataType": "select",
          "displayName": "Format Sheet",
          "enableEdit": true,
          "enableSearch": true,
          "javaVariableName": "spec",
          "queryParamName": "spec",
          "readOnly": false,
          "required": true,
        },
        Object {
          "dataType": "businessDateTime",
          "displayName": "Do Not Start Before",
          "enableEdit": true,
          "enableSearch": true,
          "javaVariableName": "doNotStartBefore",
          "queryParamName": "doNotStartBefore",
          "readOnly": false,
          "required": true,
          "searchDataType": "businessDateTime",
        },
        Object {
          "dataType": "select",
          "displayName": "Priority",
          "enableEdit": true,
          "enableSearch": true,
          "javaVariableName": "priority",
          "queryParamName": "priority",
          "readOnly": false,
          "required": true,
        },
        Object {
          "dataType": "string",
          "displayName": "Recipient",
          "enableEdit": false,
          "javaVariableName": "recipient",
          "queryParamName": "recipient",
          "required": true,
        },
        Object {
          "dataType": "string",
          "displayName": "Operational Status",
          "enableEdit": false,
          "enableSearch": true,
          "javaVariableName": "operationalStatus",
          "queryParamName": "operationalStatus",
          "readOnly": true,
          "required": true,
        },
      ]
    }
    onCellMouseOver={[Function]}
    onGridEvent={[Function]}
    rowData={Array []}
    selectValues={
      Object {
        "addRecipient": Array [
          "MGM",
          "Vubiquity",
        ],
        "assetType": Array [
          "",
          "Audio",
          "Video",
          "Subtitles",
          "Closed Captioning",
        ],
        "componentId": Array [
          "LOL-123",
        ],
        "operationalStatus": Array [
          "New",
          "Accepted",
          "Rejected",
          "Complete",
          "Cancelled",
          "Failed",
        ],
        "priority": Array [
          "10",
          "20",
          "60",
          "50",
        ],
        "serviceType": Array [
          "Process & Deliver",
          "DETE Ingest",
        ],
        "sourceStandard": Array [
          "_1080_23_976",
        ],
        "spec": Array [],
        "standard": Array [
          Object {
            "subtitles": Array [
              "Text Type - Full Stream",
              "Forced",
              "SDH",
            ],
          },
          Object {
            "audio": Array [
              "Mono",
              "Stereo",
              "2.0 LTRT",
              "3.0",
              "4.0",
              "5.0",
              "5.1",
              "6.1",
              "7.1",
              "Dolby E",
            ],
          },
          Object {
            "video": Array [
              "SD",
              "HD",
              "4K",
            ],
          },
        ],
        "type": Array [
          "Subtitles",
          "Audio",
          "Video",
        ],
        "version": Array [
          Object {
            "subtitles": Array [
              "English",
              "French",
              "Italian",
            ],
          },
          Object {
            "audio": Array [
              "English",
              "French",
              "Italian",
            ],
          },
          Object {
            "video": Array [
              "Theatrical",
              "Broadcast",
              "Director's cut",
            ],
          },
        ],
      }
    }
  />
</div>
`;
