// Jest Snapshot v1, https://goo.gl/fbAQLP

exports[`ChooseArtwork should match snapshot 1`] = `
<div
  className="choose-artwork"
>
  <div
    className="choose-artwork__header"
  >
    <span>
      Title: 
    </span>
    <span />
  </div>
  <div
    className="artwork-actions"
  >
    <Loading
      spinnerSize="large"
    />
  </div>
  <div
    className="artwork-items"
  >
    <VirtualScroller
      className={null}
      columns={null}
      contentTemplate={null}
      delay={0}
      disabled={false}
      id={null}
      itemSize={-Infinity}
      itemTemplate={[Function]}
      items={Array []}
      lazy={true}
      loaderDisabled={false}
      loading={false}
      loadingTemplate={[Function]}
      numToleratedItems={null}
      onLazyLoad={[Function]}
      onScroll={null}
      onScrollIndexChange={null}
      orientation="vertical"
      scrollHeight="100%"
      scrollWidth={null}
      showLoader={true}
      showSpacer={true}
      style={null}
    />
  </div>
</div>
`;
