// Jest Snapshot v1, https://goo.gl/fbAQLP

exports[`StatusCheck should match snapshot 1`] = `
<div
  className="nexus-c-status-check"
>
  <div
    className="nexus-c-status-check__message"
  >
    These rights have fields that do not meet the criteria to be added
  </div>
  <div
    className="nexus-c-status-check__table"
  >
    <DynamicTable
      defaultPage={1}
      head={
        Object {
          "cells": Array [
            Object {
              "content": "Title",
              "key": 1,
              "width": 35,
            },
            Object {
              "content": "Status",
              "key": 2,
              "width": 15,
            },
            Object {
              "content": "Right Status",
              "key": 1,
              "width": 15,
            },
            Object {
              "content": "Licensed",
              "key": 2,
              "width": 10,
            },
            Object {
              "content": "Unplanned Territories",
              "key": 2,
              "width": 25,
            },
          ],
        }
      }
      isFixedSize={false}
      isLoading={false}
      isRankable={false}
      loadingSpinnerSize="large"
      onSetPage={[Function]}
      onSort={[Function]}
      rows={
        Array [
          Object {
            "cells": Array [
              Object {
                "content": "title1",
                "key": "1-title",
              },
              Object {
                "content": <InValidData
                  data="Merged"
                />,
                "key": "1-status",
              },
              Object {
                "content": "Pending",
                "key": "1-rightStatus",
              },
              Object {
                "content": "YES",
                "key": "1-licensed",
              },
              Object {
                "content": <InValidData
                  data="NONE"
                />,
                "key": "1-territory",
              },
            ],
            "key": 1,
          },
          Object {
            "cells": Array [
              Object {
                "content": "title12",
                "key": "2-title",
              },
              Object {
                "content": "ReadyNew",
                "key": "2-status",
              },
              Object {
                "content": "Pending",
                "key": "2-rightStatus",
              },
              Object {
                "content": <InValidData
                  data="NO"
                />,
                "key": "2-licensed",
              },
              Object {
                "content": "",
                "key": "2-territory",
              },
            ],
            "key": 2,
          },
        ]
      }
      rowsPerPage={5}
    />
  </div>
  <div
    className="nexus-c-status-check__btn-wrapper"
  >
    <WithAnalyticsContext(WithAnalyticsEvents(Button))
      appearance="primary"
      className="nexus-c-status-check__button"
      isDisabled={false}
      onClick={[Function]}
    >
      OK
    </WithAnalyticsContext(WithAnalyticsEvents(Button))>
  </div>
</div>
`;
