// Jest Snapshot v1, https://goo.gl/fbAQLP

exports[`ServicingOrdersTableStatusTooltip should match the StatusTooltip snapshot - should have tooltip 1`] = `
<div
  className="nexus-c-servicing-orders-table-status-tooltip"
>
  <div
    className="nexus-c-servicing-orders-table-status-tooltip__fields"
  >
    <div
      className="nexus-c-servicing-orders-table-status-tooltip__field"
      key="NOT_STARTED"
    >
      <span
        className="nexus-c-servicing-orders-table-status-tooltip__field--label"
      >
        Not Started
      </span>
      <span
        className="nexus-c-servicing-orders-table-status-tooltip__field--value"
      >
        0
      </span>
    </div>
    <div
      className="nexus-c-servicing-orders-table-status-tooltip__field"
      key="IN_PROGRESS"
    >
      <span
        className="nexus-c-servicing-orders-table-status-tooltip__field--label"
      >
        In Progress
      </span>
      <span
        className="nexus-c-servicing-orders-table-status-tooltip__field--value"
      >
        0
      </span>
    </div>
    <div
      className="nexus-c-servicing-orders-table-status-tooltip__field"
      key="ON_HOLD"
    >
      <span
        className="nexus-c-servicing-orders-table-status-tooltip__field--label"
      >
        On Hold
      </span>
      <span
        className="nexus-c-servicing-orders-table-status-tooltip__field--value"
      >
        0
      </span>
    </div>
    <div
      className="nexus-c-servicing-orders-table-status-tooltip__field"
      key="COMPLETE"
    >
      <span
        className="nexus-c-servicing-orders-table-status-tooltip__field--label"
      >
        Complete
      </span>
      <span
        className="nexus-c-servicing-orders-table-status-tooltip__field--value"
      >
        0
      </span>
    </div>
    <div
      className="nexus-c-servicing-orders-table-status-tooltip__field"
      key="CANCELLED"
    >
      <span
        className="nexus-c-servicing-orders-table-status-tooltip__field--label"
      >
        Canceled
      </span>
      <span
        className="nexus-c-servicing-orders-table-status-tooltip__field--value"
      >
        0
      </span>
    </div>
    <div
      className="nexus-c-servicing-orders-table-status-tooltip__field"
      key="FAILED"
    >
      <span
        className="nexus-c-servicing-orders-table-status-tooltip__field--label"
      >
        Failed
      </span>
      <span
        className="nexus-c-servicing-orders-table-status-tooltip__field--value"
      >
        0
      </span>
    </div>
  </div>
</div>
`;

exports[`ServicingOrdersTableStatusTooltip should match the loading snapshot - should have spinner 1`] = `
<div
  className="nexus-c-servicing-orders-table-status-tooltip"
>
  <Memo(ForwardRef(Spinner)) />
</div>
`;
