// Jest Snapshot v1, https://goo.gl/fbAQLP

exports[`BulkMatchingActionsBar should match snapshot 1`] = `
<div
  className="nexus-c-bulk-actions-bar"
>
  <Button
    className="p-button-outlined p-button-secondary nexus-c-bulk-actions-bar__btn mx-1"
    disabled={false}
    label="Cancel"
    onClick={[Function]}
  />
  <Button
    className="p-button-outlined p-button-secondary nexus-c-bulk-actions-bar__btn mx-1"
    disabled={true}
    label="Match"
    loading={false}
    onClick={[Function]}
  />
  <Button
    className="p-button-outlined p-button-secondary nexus-c-bulk-actions-bar__btn mx-1"
    disabled={true}
    label="Match & Create"
    loading={false}
    onClick={[Function]}
  />
</div>
`;
