// Jest Snapshot v1, https://goo.gl/fbAQLP

exports[`BulkMatchingActionsBar should match snapshot 1`] = `
<div
  className="nexus-c-bulk-actions-bar"
>
  <ButtonGroup>
    <Button
      className="nexus-c-bulk-actions-bar__btn"
      isDisabled={false}
      onClick={[Function]}
    >
      Cancel
    </Button>
    <LoadingButton
      appearance="primary"
      className="nexus-c-bulk-actions-bar__btn"
      isDisabled={true}
      isLoading={false}
      onClick={[Function]}
    >
      Match
    </LoadingButton>
    <LoadingButton
      appearance="primary"
      className="nexus-c-bulk-actions-bar__btn"
      isDisabled={true}
      isLoading={false}
      onClick={[Function]}
    >
      Match & Create
    </LoadingButton>
  </ButtonGroup>
</div>
`;
