// Jest Snapshot v1, https://goo.gl/fbAQLP

exports[`EventManagementTable should match snapshot 1`] = `
<NexusTooltip
  content=""
  isDisabled={false}
>
  <span
    className="nx-container-margin table-top-text nexus-c-bulk-match-option active-link"
  >
    Bulk Match Titles
  </span>
</NexusTooltip>
`;
