// Jest Snapshot v1, https://goo.gl/fbAQLP

exports[`NexusField should match snapshot 1`] = `
<div
  className="nexus-c-field "
>
  <Field
    defaultValue="rght_zrp8g"
    isDisabled={true}
    isRequired={false}
    label="Right ID"
    name="rightId"
    validate={null}
  >
    <Component />
  </Field>
</div>
`;
