// Jest Snapshot v1, https://goo.gl/fbAQLP

exports[`CloudDownloadButton should match snapshot 1`] = `
<div
  className="nexus-c-button-cloud-download"
>
  <Button
    className="p-button-text"
    icon={
      Object {
        "process": [Function],
      }
    }
    onClick={[Function]}
    tooltip="Download"
    tooltipOptions={
      Object {
        "position": "bottom",
      }
    }
  />
  <Dialog
    className="nexus-c-button-dialog-for-emet-download"
    closable={false}
    footer={
      <div>
        <Button
          className="p-button-outlined p-button-secondary"
          label="Cancel"
          onClick={[Function]}
        />
        <Button
          className="p-button-outlined"
          disabled={true}
          label="Download"
          onClick={[Function]}
        />
      </div>
    }
    header="Download"
    onHide={[Function]}
    style={
      Object {
        "minWidth": "505px",
        "width": "35vw",
      }
    }
    visible={false}
  >
    <Connect(DownloadEmetModal)
      setValues={[Function]}
      values={
        Object {
          "language": null,
          "locale": null,
          "status": null,
        }
      }
    />
  </Dialog>
</div>
`;
