// Jest Snapshot v1, https://goo.gl/fbAQLP

exports[`AppLayout should match snapshot 1`] = `
<Connect(ConnectedRouter)
  history={null}
>
  <div
    className="nexus-c-app-layout"
  >
    <IfEmbedded
      value={true}
    >
      <DOP />
    </IfEmbedded>
    <IfEmbedded
      value={false}
    >
      <withRouter(Connect(NexusNavigation)) />
    </IfEmbedded>
    <div
      className="nexus-c-app-layout__main"
    >
      <Connect(NexusBreadcrumb) />
      <Switch>
        <Route
          component={[Function]}
          exact={true}
          path="/"
        />
        <Route
          component={[Function]}
          exact={true}
          path="/avails"
        />
        <Route
          component={[Function]}
          exact={true}
          path="/avails/rights"
        />
        <Route
          component={[Function]}
          exact={true}
          path="/avails/rights/"
        />
        <Route
          component={[Function]}
          exact={true}
          path="/avails/rights/create"
        />
        <Route
          component={[Function]}
          exact={true}
          path="/avails/rights/:id"
        />
        <Route
          component={[Function]}
          exact={true}
          path="/avails/rights/create/v2"
        />
        <Route
          component={[Function]}
          exact={true}
          path="/avails/rights/:id/v2"
        />
        <Route
          component={[Function]}
          exact={true}
          path="/avails/rights/:rightId/title-matching"
        />
        <Route
          component={[Function]}
          exact={true}
          path="/avails/rights/:rightId/title-matching/review"
        />
        <Route
          component={[Function]}
          exact={true}
          path="/avails/history"
        />
        <Route
          component={[Function]}
          exact={true}
          path="/avails/history/manual-rights-entry"
        />
        <Route
          component={[Function]}
          exact={true}
          path="/avails/history/:availHistoryIds/manual-rights-entry"
        />
        <Route
          component={[Function]}
          exact={true}
          path="/avails/history/:availHistoryId/rights/create"
        />
        <Route
          component={[Function]}
          exact={true}
          path="/avails/history/:availHistoryIds"
        />
        <Route
          component={[Function]}
          exact={true}
          path="/avails/history/:availHistoryIds/right-matching"
        />
        <Route
          component={[Function]}
          exact={true}
          path="/avails/history/:availHistoryIds/right-matching/:rightId"
        />
        <Route
          component={[Function]}
          exact={true}
          path="/avails/history/:availHistoryIds/right-matching/:rightId/match/:matchedRightIds"
        />
        <Route
          component={[Function]}
          exact={true}
          path="/avails/select-rights-planning"
        />
        <Route
          component={[Function]}
          exact={true}
          path="/metadata"
        />
        <Route
          component={[Function]}
          exact={true}
          path="/metadata/detail/:id"
        />
        <Route
          component={[Function]}
          exact={true}
          path="/metadata/detail/:id/legacy-title-reconciliation"
        />
        <Route
          component={[Function]}
          exact={true}
          path="/metadata/detail/:id/legacy-title-reconciliation/review"
        />
        <Route
          component={[Function]}
          exact={true}
          path="/contractprofile"
        />
        <Route
          component={[Function]}
          exact={true}
          path="/contractsearch"
        />
        <Route
          component={[Function]}
          exact={true}
          path="/Media"
        />
        <Route
          component={[Function]}
          exact={true}
          path="/settings"
        />
        <Route
          component={[Function]}
          exact={true}
          path="/v2"
        />
        <Route
          component={[Function]}
          exact={true}
          path="/avails/v2"
        />
        <Route
          component={[Function]}
        />
      </Switch>
    </div>
  </div>
</Connect(ConnectedRouter)>
`;
