// Jest Snapshot v1, https://goo.gl/fbAQLP

exports[`TitleMatchingRightsTable should match snapshot 1`] = `
<div
  className="nexus-c-title-matching-rights-table"
>
  <Connect(ComposedComponent)
    className="titleTableForMatching"
    columnDefs={
      Array [
        Object {
          "cellRenderer": "loadingCellRenderer",
          "cellRendererParams": Object {
            "link": "avails/rights/",
            "newTab": true,
          },
          "colId": "id",
          "field": "id",
          "headerName": "Right ID",
        },
        Object {
          "cellRenderer": "iconCellRenderer",
          "cellRendererParams": Object {
            "icon": "warning",
            "tooltip": "Removed from Catalog",
          },
          "colId": "updatedCatalogReceived",
          "field": "updatedCatalogReceived",
          "headerName": "",
          "width": 45,
        },
        Object {
          "cellRenderer": "iconCellRenderer",
          "cellRendererParams": Object {
            "icon": "block",
            "tooltip": "Withdrawn",
            "valueToDisplay": "Withdrawn",
          },
          "colId": "rightStatus",
          "field": "rightStatus",
          "headerName": "",
          "width": 45,
        },
        Object {
          "cellRenderer": "loadingCellRenderer",
          "colId": "title",
          "field": "title",
          "headerName": "Title",
        },
        Object {
          "colId": "sourceRightId",
          "field": "sourceRightId",
          "headerName": "Source Right ID",
        },
        Object {
          "colId": "bonusRight",
          "field": "bonusRight",
          "headerName": "Bonus Right",
          "valueFormatter": [Function],
        },
        Object {
          "colId": "coreTitleId",
          "field": "coreTitleId",
          "headerName": "Core Title Id",
        },
        Object {
          "colId": "releaseYear",
          "field": "releaseYear",
          "headerName": "Release Year",
          "width": 120,
        },
        Object {
          "colId": "licensor",
          "field": "licensor",
          "headerName": "Licensor",
          "width": 120,
        },
        Object {
          "colId": "rightStatus",
          "field": "rightStatus",
          "headerName": "Right Status",
          "width": 120,
        },
        Object {
          "colId": "status",
          "field": "status",
          "headerName": "Status",
          "width": 120,
        },
        Object {
          "colId": "licenseType",
          "field": "licenseType",
          "headerName": "License Type",
          "width": 120,
        },
        Object {
          "colId": "territory",
          "field": "territory",
          "headerName": "Country",
          "width": 120,
        },
        Object {
          "colId": "contentType",
          "field": "contentType",
          "headerName": "Content Type",
          "width": 120,
        },
        Object {
          "colId": "seriesTitle",
          "field": "seriesTitle",
          "headerName": "Series Title",
          "width": 120,
        },
        Object {
          "colId": "seasonNumber",
          "field": "seasonNumber",
          "headerName": "Season Number",
          "width": 150,
        },
        Object {
          "colId": "episodeNumber",
          "field": "episodeNumber",
          "headerName": "Episode Number",
          "width": 150,
        },
        Object {
          "colId": "format",
          "field": "format",
          "headerName": "Format",
          "width": 100,
        },
      ]
    }
    mapping={
      Array [
        Object {
          "dataType": "string",
          "displayName": "Title",
          "javaVariableName": "title",
          "queryParamName": "title",
          "readOnly": true,
          "required": true,
          "searchDataType": "string",
        },
        Object {
          "dataType": "year",
          "displayName": "Release Year",
          "javaVariableName": "releaseYear",
          "queryParamName": "releaseYear",
          "readOnly": true,
          "required": false,
          "searchDataType": "year",
        },
        Object {
          "dataType": "string",
          "displayName": "Licensor",
          "javaVariableName": "licensor",
          "queryParamName": "licensor",
          "readOnly": true,
          "required": false,
          "searchDataType": "string",
        },
        Object {
          "dataType": "string",
          "displayName": "Core Title Id",
          "javaVariableName": "coreTitleId",
          "queryParamName": "coreTitleId",
          "readOnly": true,
          "required": false,
          "searchDataType": "string",
        },
        Object {
          "dataType": "string",
          "displayName": "Runtime",
          "javaVariableName": "totalRuntime",
          "queryParamName": "totalRuntime",
          "readOnly": true,
          "required": false,
          "searchDataType": "string",
        },
        Object {
          "dataType": "string",
          "displayName": "Right Status",
          "javaVariableName": "rightStatus",
          "queryParamName": "rightStatus",
          "readOnly": true,
          "required": true,
          "searchDataType": "string",
        },
        Object {
          "dataType": "string",
          "displayName": "Status",
          "javaVariableName": "status",
          "queryParamName": "status",
          "readOnly": true,
          "required": true,
          "searchDataType": "string",
        },
        Object {
          "dataType": "string",
          "displayName": "License Type",
          "javaVariableName": "licenseType",
          "queryParamName": "licenseType",
          "readOnly": true,
          "required": true,
          "searchDataType": "string",
        },
        Object {
          "dataType": "string",
          "displayName": "Country",
          "javaVariableName": "territory",
          "queryParamName": "territory",
          "readOnly": true,
          "required": true,
          "searchDataType": "string",
        },
        Object {
          "dataType": "string",
          "displayName": "Content Type",
          "javaVariableName": "contentType",
          "queryParamName": "contentType",
          "readOnly": true,
          "required": true,
          "searchDataType": "string",
        },
        Object {
          "dataType": "string",
          "displayName": "Series Title",
          "javaVariableName": "seriesTitle",
          "queryParamName": "seriesTitle",
          "readOnly": true,
          "required": true,
          "searchDataType": "string",
        },
        Object {
          "dataType": "string",
          "displayName": "Season Number",
          "javaVariableName": "seasonNumber",
          "queryParamName": "seasonNumber",
          "readOnly": true,
          "required": false,
          "searchDataType": "string",
        },
        Object {
          "dataType": "string",
          "displayName": "Episode Number",
          "javaVariableName": "episodeNumber",
          "queryParamName": "episodeNumber",
          "readOnly": true,
          "required": false,
          "searchDataType": "string",
        },
        Object {
          "dataType": "string",
          "displayName": "Format",
          "javaVariableName": "format",
          "queryParamName": "format",
          "readOnly": true,
          "required": true,
          "searchDataType": "string",
        },
      ]
    }
    onSelectionChanged={[Function]}
    rowData={Array []}
    rowSelection="single"
  />
</div>
`;
