// Jest Snapshot v1, https://goo.gl/fbAQLP

exports[`SavedTableDropdown should match snapshot 1`] = `
<div
  className="nexus-c-dop-tasks-dropdown"
>
  <div
    className="nexus-c-dop-tasks-dropdown__label"
  >
    Saved Table View:
  </div>
  <div
    className="nexus-c-dop-tasks-dropdown__elements"
  >
    <DropdownMenu
      appearance="tall"
      boundariesElement="viewport"
      defaultOpen={false}
      isLoading={false}
      isMenuFixed={false}
      isOpen={false}
      items={Array []}
      onItemActivated={[Function]}
      onOpenChange={[Function]}
      onPositioned={[Function]}
      position="bottom left"
      shouldAllowMultilineItems={false}
      shouldFitContainer={true}
      shouldFlip={true}
      trigger="All"
      triggerType="button"
    >
      <DropdownItemGroup
        title="My Saved Views"
      >
        <div
          className="nexus-c-dop-tasks-dropdown__textfield"
        >
          <WithAnalyticsContext(WithAnalyticsEvents(undefined))
            placeholder="New View..."
          />
        </div>
      </DropdownItemGroup>
      <DropdownItemGroup
        title="Predefined Views"
      >
        <WithItemClick(WithItemFocus(Item))
          key="all"
          onClick={[Function]}
        >
          All
        </WithItemClick(WithItemFocus(Item))>
        <WithItemClick(WithItemFocus(Item))
          key="open"
          onClick={[Function]}
        >
          Open
        </WithItemClick(WithItemFocus(Item))>
        <WithItemClick(WithItemFocus(Item))
          key="notStarted"
          onClick={[Function]}
        >
          Not Started
        </WithItemClick(WithItemFocus(Item))>
        <WithItemClick(WithItemFocus(Item))
          key="inProgress"
          onClick={[Function]}
        >
          In Progress
        </WithItemClick(WithItemFocus(Item))>
        <WithItemClick(WithItemFocus(Item))
          key="closed"
          onClick={[Function]}
        >
          Closed
        </WithItemClick(WithItemFocus(Item))>
      </DropdownItemGroup>
    </DropdownMenu>
  </div>
</div>
`;
