// Jest Snapshot v1, https://goo.gl/fbAQLP

exports[`DynamicArrayElement should match snapshot 1`] = `
<div
  className="row align-items-center my-2"
  key="nexus-c-field-group0"
>
  <div
    className="col-10"
  >
    <Panel
      className={null}
      collapseIcon="pi pi-minus"
      collapsed={true}
      expandIcon="pi pi-plus"
      header="Header"
      headerTemplate={[Function]}
      icons={null}
      id={null}
      onCollapse={null}
      onExpand={null}
      onToggle={null}
      style={null}
      toggleable={true}
      transitionOptions={null}
    >
      <div
        className="mb-2"
        key="type_col"
      >
        <Component
          defaultValue="value"
          key="type_controller"
          name="territoryMetadata.0.type"
          render={[Function]}
          rules={
            Object {
              "required": "Value is required",
            }
          }
        />
      </div>
      <div
        className="mb-2"
        key="name_col"
      >
        <Component
          defaultValue="value"
          key="name_controller"
          name="territoryMetadata.0.name"
          render={[Function]}
          rules={Object {}}
        />
      </div>
    </Panel>
  </div>
  <div
    className="col-2 text-center "
  >
    <ForwardRef
      className="p-button-text"
      icon="pi pi-plus"
      onClick={[Function]}
    />
  </div>
</div>
`;
