// Jest Snapshot v1, https://goo.gl/fbAQLP

exports[`NexusDynamicForm should match snapshot 1`] = `
<div
  className="nexus-c-dynamic-form"
>
  <div
    className="nexus-c-dynamic-form__tab-container"
  >
    <SectionTab
      isActive={true}
      key="Amazing Tab"
      onClick={[Function]}
      section="Amazing Tab"
    />
  </div>
  <div
    className="nexus-c-dynamic-form__tab-content"
  >
    <h3
      className="nexus-c-dynamic-form__section-title"
      id="Best section 2020"
    >
      Best section 2020
    </h3>
    <div
      key="field-Awesome field"
    >
      Awesome field
    </div>
  </div>
</div>
`;
