// Jest Snapshot v1, https://goo.gl/fbAQLP

exports[`BulkMatching should match snapshot 1`] = `
<div
  className="nexus-c-bulk-matching"
>
  <div>
    <HeaderSection
      activeTab="Selected Rights"
      affectedRights={0}
      changeActiveTab={[Function]}
      existingBonusRights={0}
      isBonusRight={false}
      isNewTitleDisabled={false}
      selectedRights={0}
      showModal={[Function]}
    />
    <TitleMatchingRightsTable
      data={Array []}
    />
    <SectionMessage>
      <div
        className="nexus-c-bulk-matching__message"
      >
        Select titles from the repositories that match the incoming right or declare a 
        <Button
          __TYPE="Button"
          appearance="link"
          badge={null}
          badgeClassName={null}
          className="p-button-link nexus-c-bulk-matching__new-title-button"
          disabled={false}
          icon={null}
          iconPos="left"
          label="New Title"
          loading={false}
          loadingIcon="pi pi-spinner pi-spin"
          onClick={[Function]}
          spacing="none"
          tooltip={null}
          tooltipOptions={null}
        />
      </div>
    </SectionMessage>
    <TitlesSection
      closeDrawer={[Function]}
      contentType=""
      isMatchAndCreateLoading={false}
      isMatchLoading={false}
      isTitlesTableLoading={true}
      onMatch={[Function]}
      onMatchAndCreate={[Function]}
      restrictedCoreTitleIds={Array []}
      selectionList={
        Object {
          "duplicateButton": Object {},
          "matchButton": Object {},
          "matchList": Object {},
          "onCellValueChanged": [Function],
          "selectedItems": Array [],
        }
      }
    />
  </div>
  <TitleCreate
    bulkTitleMatch={[Function]}
    defaultValues={
      Object {
        "contentType": undefined,
      }
    }
    display={false}
    error=""
    externalDropdownOptions={Object {}}
    focusedRight={Object {}}
    isItMatching={true}
    onCloseModal={[Function]}
    onSave={[Function]}
  />
</div>
`;
