// Jest Snapshot v1, https://goo.gl/fbAQLP

exports[`BulkMatching should match snapshot 1`] = `
<div
  className="nexus-c-bulk-matching"
>
  <div
    className="nexus-c-bulk-matching__header"
  >
    <div
      className="nexus-c-bulk-matching__rights-tab nexus-c-bulk-matching__rights-tab--active"
      onClick={[Function]}
    >
      Selected Rights
       (
      0
      )
    </div>
    <div
      className="nexus-c-bulk-matching__rights-tab"
      onClick={[Function]}
    >
      Affected Rights
       (
      0
      )
    </div>
    <WithAnalyticsContext(WithAnalyticsEvents(Button))
      className="nexus-c-bulk-matching__btn"
      isDisabled={false}
      onClick={[Function]}
    >
      New Title
    </WithAnalyticsContext(WithAnalyticsEvents(Button))>
  </div>
  <TitleMatchingRightsTable
    data={Array []}
  />
  <SectionMessage
    appearance="info"
  >
    Select titles from the repositories that match the incoming right or declare a 
    <WithAnalyticsContext(WithAnalyticsEvents(Button))
      appearance="link"
      isDisabled={false}
      onClick={[Function]}
      spacing="none"
    >
      New Title
    </WithAnalyticsContext(WithAnalyticsEvents(Button))>
  </SectionMessage>
  <div
    className="nexus-c-bulk-matching__spinner"
  >
    <Spinner
      delay={100}
      invertColor={false}
      isCompleting={false}
      onComplete={[Function]}
      size="large"
    />
  </div>
</div>
`;
