// Jest Snapshot v1, https://goo.gl/fbAQLP

exports[`ServicingOrdersTable should match snapshot 1`] = `
<div
  className="nexus-c-servicing-orders-table"
>
  <Component
    columnDefs={
      Array [
        Object {
          "cellClass": "nexus-c-servicing-orders-table__checkbox-cell",
          "cellRendererFramework": [Function],
          "colId": "checkbox_column",
          "field": "checkbox_column",
          "headerName": "",
          "width": 43,
        },
        Object {
          "cellRenderer": "loadingCellRenderer",
          "cellRendererParams": Object {
            "link": "servicing-orders/",
            "newTab": false,
          },
          "colId": "so_number",
          "dataType": "string",
          "enableSearch": true,
          "field": "so_number",
          "headerName": "SO Number",
          "javaVariableName": "so_number",
          "searchDataType": "string",
          "sortable": true,
          "suppressSizeToFit": true,
          "valueFormatter": [Function],
          "width": 150,
        },
        Object {
          "cellRenderer": "loadingCellRenderer",
          "colId": "description",
          "dataType": "string",
          "enableSearch": true,
          "field": "description",
          "headerName": "SO Description",
          "javaVariableName": "description",
          "searchDataType": "string",
          "valueFormatter": [Function],
          "width": 300,
        },
        Object {
          "cellRenderer": "loadingCellRenderer",
          "colId": "external_id",
          "dataType": "string",
          "enableSearch": true,
          "field": "external_id",
          "headerName": "SR Number",
          "javaVariableName": "external_id",
          "searchDataType": "string",
          "sortable": true,
          "valueFormatter": [Function],
          "width": 200,
        },
        Object {
          "cellRenderer": "loadingCellRenderer",
          "colId": "submitted_date",
          "dataType": "regionalMidnight",
          "enableSearch": true,
          "field": "submitted_date",
          "headerName": "Submitted Date",
          "javaVariableName": "submitted_date",
          "searchDataType": "regionalMidnight",
          "sortable": true,
          "valueFormatter": [Function],
          "width": 150,
        },
        Object {
          "cellRenderer": "loadingCellRenderer",
          "colId": "title_manager",
          "dataType": "string",
          "enableSearch": true,
          "field": "title_manager",
          "headerName": "Title Manager",
          "javaVariableName": "title_manager",
          "searchDataType": "string",
          "sortable": true,
          "valueFormatter": [Function],
          "width": 100,
        },
        Object {
          "cellStyle": [Function],
          "colId": "sr_due_date",
          "dataType": "regionalMidnight",
          "enableSearch": true,
          "field": "sr_due_date",
          "headerName": "SR Due Date",
          "javaVariableName": "sr_due_date",
          "searchDataType": "regionalMidnight",
          "sortable": true,
          "valueFormatter": [Function],
          "width": 150,
        },
        Object {
          "cellRendererFramework": [Function],
          "colId": "rush_order",
          "dataType": "select",
          "enableSearch": true,
          "field": "rush_order",
          "headerName": "Rush",
          "isEmphasized": true,
          "javaVariableName": "rush_order",
          "searchDataType": "boolean",
          "valueFormatter": undefined,
          "width": 100,
        },
        Object {
          "cellRenderer": "tooltipCellRenderer",
          "cellRendererParams": [Function],
          "colId": "status",
          "dataType": "select",
          "enableSearch": true,
          "field": "status",
          "headerName": "Status",
          "isEmphasized": true,
          "javaVariableName": "status",
          "options": Array [
            "NOT_STARTED",
            "IN_PROGRESS",
            "COMPLETE",
            "CANCELLED",
            "FAILED",
          ],
          "searchDataType": "multiselect",
          "valueFormatter": undefined,
          "width": 150,
        },
        Object {
          "cellRenderer": "loadingCellRenderer",
          "colId": "readiness",
          "dataType": "select",
          "enableSearch": true,
          "field": "readiness",
          "headerName": "Readiness",
          "isEmphasized": true,
          "javaVariableName": "readiness",
          "options": Array [
            "NEW",
            "READY",
            "ON_HOLD",
          ],
          "searchDataType": "multiselect",
          "valueFormatter": undefined,
          "width": 150,
        },
        Object {
          "cellRenderer": "loadingCellRenderer",
          "colId": "premiering",
          "dataType": "boolean",
          "field": "premiering",
          "headerName": "Premiering",
          "hide": true,
          "javaVariableName": "premiering",
          "searchDataType": "boolean",
          "sortable": true,
          "valueFormatter": undefined,
          "width": 100,
        },
        Object {
          "cellRenderer": "loadingCellRenderer",
          "colId": "watermark",
          "dataType": "boolean",
          "field": "watermark",
          "headerName": "Watermark",
          "hide": true,
          "javaVariableName": "watermark",
          "searchDataType": "boolean",
          "sortable": true,
          "valueFormatter": undefined,
          "width": 100,
        },
        Object {
          "cellRenderer": "loadingCellRenderer",
          "colId": "late",
          "dataType": "boolean",
          "field": "late",
          "headerName": "Late",
          "hide": true,
          "javaVariableName": "late",
          "searchDataType": "boolean",
          "sortable": true,
          "valueFormatter": undefined,
          "width": 100,
        },
        Object {
          "cellRenderer": "loadingCellRenderer",
          "colId": "market_type",
          "dataType": "string",
          "field": "market_type",
          "headerName": "Market Type",
          "hide": true,
          "javaVariableName": "market_type",
          "searchDataType": "string",
          "sortable": true,
          "valueFormatter": [Function],
          "width": 100,
        },
        Object {
          "cellRenderer": "loadingCellRenderer",
          "colId": "completed_date",
          "dataType": "regionalMidnight",
          "field": "completed_date",
          "headerName": "Completed Date",
          "hide": true,
          "javaVariableName": "completed_date",
          "searchDataType": "regionalMidnight",
          "sortable": true,
          "valueFormatter": [Function],
          "width": 100,
        },
      ]
    }
    externalFilter={Object {}}
    fixedFilter={Object {}}
    frameworkComponents={
      Object {
        "tooltipCellRenderer": [Function],
      }
    }
    mapping={
      Array [
        Object {
          "colId": "checkbox_column",
          "field": "checkbox_column",
          "headerName": "",
          "width": 43,
        },
        Object {
          "cellRendererParams": Object {
            "link": "servicing-orders/",
            "newTab": false,
          },
          "colId": "so_number",
          "dataType": "string",
          "enableSearch": true,
          "field": "so_number",
          "headerName": "SO Number",
          "javaVariableName": "so_number",
          "searchDataType": "string",
          "sortable": true,
          "suppressSizeToFit": true,
          "width": 150,
        },
        Object {
          "colId": "description",
          "dataType": "string",
          "enableSearch": true,
          "field": "description",
          "headerName": "SO Description",
          "javaVariableName": "description",
          "searchDataType": "string",
          "width": 300,
        },
        Object {
          "colId": "external_id",
          "dataType": "string",
          "enableSearch": true,
          "field": "external_id",
          "headerName": "SR Number",
          "javaVariableName": "external_id",
          "searchDataType": "string",
          "sortable": true,
          "width": 200,
        },
        Object {
          "colId": "submitted_date",
          "dataType": "regionalMidnight",
          "enableSearch": true,
          "field": "submitted_date",
          "headerName": "Submitted Date",
          "javaVariableName": "submitted_date",
          "searchDataType": "regionalMidnight",
          "sortable": true,
          "width": 150,
        },
        Object {
          "colId": "title_manager",
          "dataType": "string",
          "enableSearch": true,
          "field": "title_manager",
          "headerName": "Title Manager",
          "javaVariableName": "title_manager",
          "searchDataType": "string",
          "sortable": true,
          "width": 100,
        },
        Object {
          "colId": "sr_due_date",
          "dataType": "regionalMidnight",
          "enableSearch": true,
          "field": "sr_due_date",
          "headerName": "SR Due Date",
          "javaVariableName": "sr_due_date",
          "searchDataType": "regionalMidnight",
          "sortable": true,
          "width": 150,
        },
        Object {
          "colId": "rush_order",
          "dataType": "select",
          "enableSearch": true,
          "field": "rush_order",
          "headerName": "Rush",
          "isEmphasized": true,
          "javaVariableName": "rush_order",
          "searchDataType": "boolean",
          "width": 100,
        },
        Object {
          "colId": "status",
          "dataType": "select",
          "enableSearch": true,
          "field": "status",
          "headerName": "Status",
          "isEmphasized": true,
          "javaVariableName": "status",
          "options": Array [
            "NOT_STARTED",
            "IN_PROGRESS",
            "COMPLETE",
            "CANCELLED",
            "FAILED",
          ],
          "searchDataType": "multiselect",
          "width": 150,
        },
        Object {
          "colId": "readiness",
          "dataType": "select",
          "enableSearch": true,
          "field": "readiness",
          "headerName": "Readiness",
          "isEmphasized": true,
          "javaVariableName": "readiness",
          "options": Array [
            "NEW",
            "READY",
            "ON_HOLD",
          ],
          "searchDataType": "multiselect",
          "width": 150,
        },
        Object {
          "colId": "premiering",
          "dataType": "boolean",
          "field": "premiering",
          "headerName": "Premiering",
          "hide": true,
          "javaVariableName": "premiering",
          "searchDataType": "boolean",
          "sortable": true,
          "width": 100,
        },
        Object {
          "colId": "watermark",
          "dataType": "boolean",
          "field": "watermark",
          "headerName": "Watermark",
          "hide": true,
          "javaVariableName": "watermark",
          "searchDataType": "boolean",
          "sortable": true,
          "width": 100,
        },
        Object {
          "colId": "late",
          "dataType": "boolean",
          "field": "late",
          "headerName": "Late",
          "hide": true,
          "javaVariableName": "late",
          "searchDataType": "boolean",
          "sortable": true,
          "width": 100,
        },
        Object {
          "colId": "market_type",
          "dataType": "string",
          "field": "market_type",
          "headerName": "Market Type",
          "hide": true,
          "javaVariableName": "market_type",
          "searchDataType": "string",
          "sortable": true,
          "width": 100,
        },
        Object {
          "colId": "completed_date",
          "dataType": "regionalMidnight",
          "field": "completed_date",
          "headerName": "Completed Date",
          "hide": true,
          "javaVariableName": "completed_date",
          "searchDataType": "regionalMidnight",
          "sortable": true,
          "width": 100,
        },
      ]
    }
    onFirstDataRendered={[Function]}
    setTotalCount={[Function]}
  />
  <ServicingOrdersTableStatusBar
    statusBarInfo={
      Object {
        "selectedRows": 0,
        "totalRows": 0,
      }
    }
  />
</div>
`;
