// Jest Snapshot v1, https://goo.gl/fbAQLP

exports[`ServicingOrdersTable should match snapshot 1`] = `
<div
  className="nexus-c-servicing-orders-table"
>
  <ComposedComponent
    columnDefs={
      Array [
        Object {
          "cellRenderer": "loadingCellRenderer",
          "colId": "external_id",
          "dataType": "string",
          "displayName": "SR ID",
          "enableSearch": true,
          "field": "external_id",
          "headerName": "SR ID",
          "javaVariableName": "external_id",
          "searchDataType": "string",
          "valueFormatter": [Function],
          "width": 150,
        },
        Object {
          "cellRenderer": "loadingCellRenderer",
          "cellRendererParams": Object {
            "link": "/servicing-orders/",
            "newTab": false,
          },
          "colId": "soNumber",
          "dataType": "string",
          "displayName": "SO Number",
          "enableSearch": true,
          "field": "soNumber",
          "headerName": "SO Number",
          "javaVariableName": "soNumber",
          "searchDataType": "string",
          "valueFormatter": [Function],
          "width": 150,
        },
        Object {
          "cellRenderer": "loadingCellRenderer",
          "colId": "soDescription",
          "dataType": "string",
          "displayName": "SO Description",
          "enableSearch": true,
          "field": "soDescription",
          "headerName": "SO Description",
          "javaVariableName": "soDescription",
          "searchDataType": "string",
          "valueFormatter": [Function],
          "width": 200,
        },
        Object {
          "cellRenderer": "loadingCellRenderer",
          "colId": "businessPartnerId",
          "dataType": "string",
          "displayName": "Business Partner ID",
          "enableSearch": true,
          "field": "businessPartnerId",
          "headerName": "Business Partner ID",
          "javaVariableName": "businessPartnerId",
          "searchDataType": "string",
          "valueFormatter": [Function],
          "width": 150,
        },
        Object {
          "cellRenderer": "loadingCellRenderer",
          "colId": "clientProfile",
          "dataType": "string",
          "displayName": "Client Profile",
          "enableSearch": true,
          "field": "clientProfile",
          "headerName": "Client Profile",
          "javaVariableName": "clientProfile",
          "searchDataType": "string",
          "valueFormatter": [Function],
          "width": 150,
        },
        Object {
          "cellRenderer": "loadingCellRenderer",
          "colId": "srDueDate",
          "dataType": "regionalMidnight",
          "displayName": "SR Due Date",
          "enableSearch": true,
          "field": "srDueDate",
          "headerName": "SR Due Date",
          "javaVariableName": "srDueDate",
          "searchDataType": "regionalMidnight",
          "valueFormatter": [Function],
          "width": 200,
        },
        Object {
          "cellRenderer": "loadingCellRenderer",
          "colId": "submittedDate",
          "dataType": "regionalMidnight",
          "displayName": "Submitted Date",
          "enableSearch": true,
          "field": "submittedDate",
          "headerName": "Submitted Date",
          "javaVariableName": "submittedDate",
          "searchDataType": "regionalMidnight",
          "valueFormatter": [Function],
          "width": 200,
        },
        Object {
          "cellRenderer": "emphasizedStringCellRenderer",
          "colId": "status",
          "dataType": "select",
          "displayName": "Status",
          "enableSearch": true,
          "field": "status",
          "headerName": "Status",
          "isEmphasized": true,
          "javaVariableName": "status",
          "options": Array [
            "Completed",
            "On Hold",
            "In Progress",
            "Canceled",
            "Not Started",
          ],
          "searchDataType": "multiselect",
          "valueFormatter": undefined,
          "width": 150,
        },
        Object {
          "cellRenderer": "emphasizedStringCellRenderer",
          "colId": "readiness",
          "dataType": "select",
          "displayName": "Readiness",
          "enableSearch": true,
          "field": "readiness",
          "headerName": "Readiness",
          "isEmphasized": true,
          "javaVariableName": "readiness",
          "options": Array [
            "Completed",
            "Not Configured",
          ],
          "searchDataType": "multiselect",
          "valueFormatter": undefined,
          "width": 150,
        },
      ]
    }
    frameworkComponents={
      Object {
        "emphasizedStringCellRenderer": [Function],
      }
    }
    mapping={
      Array [
        Object {
          "colId": "external_id",
          "dataType": "string",
          "displayName": "SR ID",
          "enableSearch": true,
          "field": "external_id",
          "headerName": "SR ID",
          "javaVariableName": "external_id",
          "searchDataType": "string",
          "width": 150,
        },
        Object {
          "cellRendererParams": Object {
            "link": "/servicing-orders/",
            "newTab": false,
          },
          "colId": "soNumber",
          "dataType": "string",
          "displayName": "SO Number",
          "enableSearch": true,
          "field": "soNumber",
          "headerName": "SO Number",
          "javaVariableName": "soNumber",
          "searchDataType": "string",
          "width": 150,
        },
        Object {
          "colId": "soDescription",
          "dataType": "string",
          "displayName": "SO Description",
          "enableSearch": true,
          "field": "soDescription",
          "headerName": "SO Description",
          "javaVariableName": "soDescription",
          "searchDataType": "string",
          "width": 200,
        },
        Object {
          "colId": "businessPartnerId",
          "dataType": "string",
          "displayName": "Business Partner ID",
          "enableSearch": true,
          "field": "businessPartnerId",
          "headerName": "Business Partner ID",
          "javaVariableName": "businessPartnerId",
          "searchDataType": "string",
          "width": 150,
        },
        Object {
          "colId": "clientProfile",
          "dataType": "string",
          "displayName": "Client Profile",
          "enableSearch": true,
          "field": "clientProfile",
          "headerName": "Client Profile",
          "javaVariableName": "clientProfile",
          "searchDataType": "string",
          "width": 150,
        },
        Object {
          "colId": "srDueDate",
          "dataType": "regionalMidnight",
          "displayName": "SR Due Date",
          "enableSearch": true,
          "field": "srDueDate",
          "headerName": "SR Due Date",
          "javaVariableName": "srDueDate",
          "searchDataType": "regionalMidnight",
          "width": 200,
        },
        Object {
          "colId": "submittedDate",
          "dataType": "regionalMidnight",
          "displayName": "Submitted Date",
          "enableSearch": true,
          "field": "submittedDate",
          "headerName": "Submitted Date",
          "javaVariableName": "submittedDate",
          "searchDataType": "regionalMidnight",
          "width": 200,
        },
        Object {
          "colId": "status",
          "dataType": "select",
          "displayName": "Status",
          "enableSearch": true,
          "field": "status",
          "headerName": "Status",
          "isEmphasized": true,
          "javaVariableName": "status",
          "options": Array [
            "Completed",
            "On Hold",
            "In Progress",
            "Canceled",
            "Not Started",
          ],
          "searchDataType": "multiselect",
          "width": 150,
        },
        Object {
          "colId": "readiness",
          "dataType": "select",
          "displayName": "Readiness",
          "enableSearch": true,
          "field": "readiness",
          "headerName": "Readiness",
          "isEmphasized": true,
          "javaVariableName": "readiness",
          "options": Array [
            "Completed",
            "Not Configured",
          ],
          "searchDataType": "multiselect",
          "width": 150,
        },
      ]
    }
  />
</div>
`;
