// Jest Snapshot v1, https://goo.gl/fbAQLP

exports[`DopTasksTable should match snapshot 1`] = `
<div
  className="nexus-c-dop-tasks-table"
>
  <[object Object]
    className="nexus-c-dop-tasks-table__more-actions"
    onClick={[Function]}
  />
  <Component
    columnDefs={
      Array [
        Object {
          "checkboxSelection": true,
          "field": "action",
          "filter": false,
          "headerName": "",
          "lockPinned": true,
          "lockPosition": true,
          "lockVisible": true,
          "menuTabs": Array [],
          "pinned": "left",
          "resizable": false,
          "sortable": false,
          "suppressMovable": true,
          "suppressSizeToFit": true,
          "width": 40,
        },
        Object {
          "cellRenderer": "loadingCellRenderer",
          "cellRendererParams": Object {
            "link": "null/AmdocsOSS/Portal/index.html?launchApp=Tasks&gtMethod=external&taskId=",
          },
          "colId": "taskName",
          "enableSearch": true,
          "field": "taskName",
          "headerName": "Task Name",
          "javaVariableName": "taskName",
          "minWidth": 200,
          "resizable": true,
          "searchDataType": "string",
        },
        Object {
          "cellRendererFramework": [Function],
          "colId": "taskStatus",
          "enableSearch": true,
          "field": "taskStatus",
          "headerName": "Status",
          "javaVariableName": "taskStatus",
          "options": Array [
            "READY",
            "IN PROGRESS",
            "COMPLETED",
            "EXITED",
            "OBSOLETE",
          ],
          "resizable": true,
          "searchDataType": "multiselect",
          "width": 180,
        },
        Object {
          "colId": "activityEstimatedEndDate",
          "dataType": "regionalMidnight",
          "field": "activityEstimatedEndDate",
          "headerName": "Due Date",
          "javaVariableName": "activityEstimatedEndDate",
          "resizable": true,
          "searchDataType": "businessDateTime",
          "valueFormatter": [Function],
          "width": 120,
        },
        Object {
          "cellRenderer": "loadingCellRenderer",
          "cellRendererParams": Object {
            "link": "null/AmdocsOSS/Portal/index.html?launchApp=Projects&projectId=",
            "linkId": "projectId",
          },
          "colId": "projectName",
          "enableSearch": true,
          "field": "projectName",
          "headerName": "Project Name",
          "javaVariableName": "projectName",
          "minWidth": 200,
          "resizable": true,
          "searchDataType": "string",
        },
        Object {
          "colId": "customPriority",
          "enableSearch": true,
          "field": "customPriority",
          "headerName": "Priority",
          "javaVariableName": "customPriority",
          "minWidth": 80,
          "options": Array [
            "Low",
            "Medium",
            "High",
          ],
          "resizable": true,
          "searchDataType": "multiselect",
          "valueFormatter": [Function],
        },
        Object {
          "colId": "OrderExternalID",
          "enableSearch": true,
          "field": "OrderExternalID",
          "headerName": "External Order ID",
          "javaVariableName": "OrderExternalID",
          "resizable": true,
          "searchDataType": "string",
          "valueFormatter": [Function],
          "width": 150,
        },
        Object {
          "colId": "Customer",
          "enableSearch": true,
          "field": "Customer",
          "headerName": "Customer Name",
          "javaVariableName": "Customer",
          "resizable": true,
          "searchDataType": "string",
          "valueFormatter": [Function],
          "width": 180,
        },
        Object {
          "colId": "servicingRegion",
          "enableSearch": true,
          "field": "servicingRegion",
          "headerName": "Servicing Region",
          "javaVariableName": "servicingRegion",
          "resizable": true,
          "searchDataType": "string",
          "valueFormatter": [Function],
          "width": 120,
        },
        Object {
          "colId": "potentialOwners",
          "enableSearch": true,
          "field": "potentialOwners",
          "headerName": "Work Queue",
          "javaVariableName": "potentialOwners",
          "resizable": true,
          "searchDataType": "string",
          "valueFormatter": [Function],
          "width": 120,
        },
        Object {
          "colId": "actualOwner",
          "enableSearch": true,
          "field": "actualOwner",
          "headerName": "Owner",
          "javaVariableName": "actualOwner",
          "resizable": true,
          "searchDataType": "string",
          "valueFormatter": [Function],
          "width": 120,
        },
        Object {
          "colId": "activityActualStartDate",
          "dataType": "regionalMidnight",
          "field": "activityActualStartDate",
          "headerName": "Actual Start Date",
          "hide": true,
          "javaVariableName": "activityActualStartDate",
          "resizable": true,
          "searchDataType": "businessDateTime",
          "valueFormatter": [Function],
          "width": 120,
        },
        Object {
          "colId": "activityActualEndDate",
          "dataType": "regionalMidnight",
          "field": "activityActualEndDate",
          "headerName": "Actual Completion Date",
          "hide": true,
          "javaVariableName": "activityActualEndDate",
          "resizable": true,
          "searchDataType": "businessDateTime",
          "valueFormatter": [Function],
          "width": 120,
        },
        Object {
          "colId": "activityPlannedCompletionDate",
          "dataType": "regionalMidnight",
          "field": "activityPlannedCompletionDate",
          "headerName": "Planned Due Date",
          "hide": true,
          "javaVariableName": "activityPlannedCompletionDate",
          "resizable": true,
          "searchDataType": "businessDateTime",
          "valueFormatter": [Function],
          "width": 120,
        },
        Object {
          "colId": "projectStartDate",
          "dataType": "regionalMidnight",
          "field": "projectStartDate",
          "headerName": "Project Start Date",
          "hide": true,
          "javaVariableName": "projectStartDate",
          "resizable": true,
          "searchDataType": "businessDateTime",
          "valueFormatter": [Function],
          "width": 120,
        },
        Object {
          "colId": "projectPlannedCompletionDate",
          "dataType": "regionalMidnight",
          "field": "projectPlannedCompletionDate",
          "headerName": "Project Planned Due Date",
          "hide": true,
          "javaVariableName": "projectPlannedCompletionDate",
          "resizable": true,
          "searchDataType": "businessDateTime",
          "valueFormatter": [Function],
          "width": 120,
        },
        Object {
          "colId": "projectStatus",
          "enableSearch": true,
          "field": "projectStatus",
          "headerName": "Project Status",
          "hide": true,
          "javaVariableName": "projectStatus",
          "options": Array [
            "NOT STARTED",
            "IN PROGRESS",
            "RELEASE IN PROGRESS",
            "COMPLETED",
            "CANCEL IN PROGRESS",
            "CANCELLED",
            "HOLD IN PROGRESS",
            "IN ERROR",
          ],
          "resizable": true,
          "searchDataType": "multiselect",
          "valueFormatter": [Function],
          "width": 120,
        },
        Object {
          "colId": "language",
          "configEndpoint": "/languages",
          "enableSearch": true,
          "field": "language",
          "headerName": "Language",
          "hide": true,
          "javaVariableName": "language",
          "resizable": true,
          "searchDataType": "multiselect",
          "valueFormatter": [Function],
          "width": 100,
        },
        Object {
          "colId": "locale",
          "configEndpoint": "/countries",
          "enableSearch": true,
          "field": "locale",
          "headerName": "Locale",
          "hide": true,
          "javaVariableName": "locale",
          "resizable": true,
          "searchDataType": "multiselect",
          "valueFormatter": [Function],
          "width": 100,
        },
        Object {
          "colId": "licenseStartDate",
          "dataType": "regionalMidnight",
          "field": "licenseStartDate",
          "headerName": "License Start Date",
          "hide": true,
          "javaVariableName": "licenseStartDate",
          "resizable": true,
          "searchDataType": "businessDateTime",
          "valueFormatter": [Function],
          "width": 120,
        },
        Object {
          "colId": "affiliate",
          "configEndpoint": "/affiliates",
          "enableSearch": true,
          "field": "affiliate",
          "headerName": "Affiliates",
          "hide": true,
          "javaVariableName": "affiliate",
          "resizable": true,
          "searchDataType": "multiselect",
          "valueFormatter": [Function],
          "width": 100,
        },
        Object {
          "colId": "territory",
          "configEndpoint": "/countries",
          "enableSearch": true,
          "field": "territory",
          "headerName": "Territories",
          "hide": true,
          "javaVariableName": "territory",
          "resizable": true,
          "searchDataType": "multiselect",
          "valueFormatter": [Function],
          "width": 100,
        },
        Object {
          "colId": "contentType",
          "configEndpoint": "/contentType",
          "enableSearch": true,
          "field": "contentType",
          "headerName": "Content Type",
          "hide": true,
          "javaVariableName": "contentType",
          "resizable": true,
          "searchDataType": "multiselect",
          "valueFormatter": [Function],
          "width": 100,
        },
        Object {
          "colId": "coreTitleID",
          "enableSearch": true,
          "field": "coreTitleID",
          "headerName": "Title ID",
          "hide": true,
          "javaVariableName": "coreTitleID",
          "resizable": true,
          "searchDataType": "string",
          "valueFormatter": [Function],
          "width": 100,
        },
        Object {
          "colId": "title",
          "enableSearch": true,
          "field": "title",
          "headerName": "Title",
          "hide": true,
          "javaVariableName": "title",
          "resizable": true,
          "searchDataType": "string",
          "valueFormatter": [Function],
          "width": 100,
        },
        Object {
          "colId": "series",
          "enableSearch": true,
          "field": "series",
          "headerName": "Series Title",
          "hide": true,
          "javaVariableName": "series",
          "resizable": true,
          "searchDataType": "string",
          "valueFormatter": [Function],
          "width": 120,
        },
        Object {
          "colId": "seasonNumber",
          "enableSearch": true,
          "field": "seasonNumber",
          "headerName": "Season Number",
          "hide": true,
          "javaVariableName": "seasonNumber",
          "resizable": true,
          "searchDataType": "string",
          "valueFormatter": [Function],
          "width": 100,
        },
        Object {
          "colId": "episodeNumber",
          "enableSearch": true,
          "field": "episodeNumber",
          "headerName": "Episode Number",
          "hide": true,
          "javaVariableName": "episodeNumber",
          "resizable": true,
          "searchDataType": "string",
          "valueFormatter": [Function],
          "width": 100,
        },
      ]
    }
    externalFilter="user"
    id="DopTasksTable"
    mapping={
      Array [
        Object {
          "cellRenderer": "loadingCellRenderer",
          "colId": "taskName",
          "enableSearch": true,
          "field": "taskName",
          "headerName": "Task Name",
          "javaVariableName": "taskName",
          "minWidth": 200,
          "resizable": true,
          "searchDataType": "string",
        },
        Object {
          "colId": "taskStatus",
          "enableSearch": true,
          "field": "taskStatus",
          "headerName": "Status",
          "javaVariableName": "taskStatus",
          "options": Array [
            "READY",
            "IN PROGRESS",
            "COMPLETED",
            "EXITED",
            "OBSOLETE",
          ],
          "resizable": true,
          "searchDataType": "multiselect",
          "width": 180,
        },
        Object {
          "colId": "activityEstimatedEndDate",
          "dataType": "regionalMidnight",
          "field": "activityEstimatedEndDate",
          "headerName": "Due Date",
          "javaVariableName": "activityEstimatedEndDate",
          "resizable": true,
          "searchDataType": "businessDateTime",
          "width": 120,
        },
        Object {
          "cellRenderer": "loadingCellRenderer",
          "colId": "projectName",
          "enableSearch": true,
          "field": "projectName",
          "headerName": "Project Name",
          "javaVariableName": "projectName",
          "minWidth": 200,
          "resizable": true,
          "searchDataType": "string",
        },
        Object {
          "colId": "customPriority",
          "enableSearch": true,
          "field": "customPriority",
          "headerName": "Priority",
          "javaVariableName": "customPriority",
          "minWidth": 80,
          "options": Array [
            "Low",
            "Medium",
            "High",
          ],
          "resizable": true,
          "searchDataType": "multiselect",
        },
        Object {
          "colId": "OrderExternalID",
          "enableSearch": true,
          "field": "OrderExternalID",
          "headerName": "External Order ID",
          "javaVariableName": "OrderExternalID",
          "resizable": true,
          "searchDataType": "string",
          "width": 150,
        },
        Object {
          "colId": "Customer",
          "enableSearch": true,
          "field": "Customer",
          "headerName": "Customer Name",
          "javaVariableName": "Customer",
          "resizable": true,
          "searchDataType": "string",
          "width": 180,
        },
        Object {
          "colId": "servicingRegion",
          "enableSearch": true,
          "field": "servicingRegion",
          "headerName": "Servicing Region",
          "javaVariableName": "servicingRegion",
          "resizable": true,
          "searchDataType": "string",
          "width": 120,
        },
        Object {
          "colId": "potentialOwners",
          "enableSearch": true,
          "field": "potentialOwners",
          "headerName": "Work Queue",
          "javaVariableName": "potentialOwners",
          "resizable": true,
          "searchDataType": "string",
          "width": 120,
        },
        Object {
          "colId": "actualOwner",
          "enableSearch": true,
          "field": "actualOwner",
          "headerName": "Owner",
          "javaVariableName": "actualOwner",
          "resizable": true,
          "searchDataType": "string",
          "width": 120,
        },
        Object {
          "colId": "activityActualStartDate",
          "dataType": "regionalMidnight",
          "field": "activityActualStartDate",
          "headerName": "Actual Start Date",
          "hide": true,
          "javaVariableName": "activityActualStartDate",
          "resizable": true,
          "searchDataType": "businessDateTime",
          "width": 120,
        },
        Object {
          "colId": "activityActualEndDate",
          "dataType": "regionalMidnight",
          "field": "activityActualEndDate",
          "headerName": "Actual Completion Date",
          "hide": true,
          "javaVariableName": "activityActualEndDate",
          "resizable": true,
          "searchDataType": "businessDateTime",
          "width": 120,
        },
        Object {
          "colId": "activityPlannedCompletionDate",
          "dataType": "regionalMidnight",
          "field": "activityPlannedCompletionDate",
          "headerName": "Planned Due Date",
          "hide": true,
          "javaVariableName": "activityPlannedCompletionDate",
          "resizable": true,
          "searchDataType": "businessDateTime",
          "width": 120,
        },
        Object {
          "colId": "projectStartDate",
          "dataType": "regionalMidnight",
          "field": "projectStartDate",
          "headerName": "Project Start Date",
          "hide": true,
          "javaVariableName": "projectStartDate",
          "resizable": true,
          "searchDataType": "businessDateTime",
          "width": 120,
        },
        Object {
          "colId": "projectPlannedCompletionDate",
          "dataType": "regionalMidnight",
          "field": "projectPlannedCompletionDate",
          "headerName": "Project Planned Due Date",
          "hide": true,
          "javaVariableName": "projectPlannedCompletionDate",
          "resizable": true,
          "searchDataType": "businessDateTime",
          "width": 120,
        },
        Object {
          "colId": "projectStatus",
          "enableSearch": true,
          "field": "projectStatus",
          "headerName": "Project Status",
          "hide": true,
          "javaVariableName": "projectStatus",
          "options": Array [
            "NOT STARTED",
            "IN PROGRESS",
            "RELEASE IN PROGRESS",
            "COMPLETED",
            "CANCEL IN PROGRESS",
            "CANCELLED",
            "HOLD IN PROGRESS",
            "IN ERROR",
          ],
          "resizable": true,
          "searchDataType": "multiselect",
          "width": 120,
        },
        Object {
          "colId": "language",
          "configEndpoint": "/languages",
          "enableSearch": true,
          "field": "language",
          "headerName": "Language",
          "hide": true,
          "javaVariableName": "language",
          "resizable": true,
          "searchDataType": "multiselect",
          "width": 100,
        },
        Object {
          "colId": "locale",
          "configEndpoint": "/countries",
          "enableSearch": true,
          "field": "locale",
          "headerName": "Locale",
          "hide": true,
          "javaVariableName": "locale",
          "resizable": true,
          "searchDataType": "multiselect",
          "width": 100,
        },
        Object {
          "colId": "licenseStartDate",
          "dataType": "regionalMidnight",
          "field": "licenseStartDate",
          "headerName": "License Start Date",
          "hide": true,
          "javaVariableName": "licenseStartDate",
          "resizable": true,
          "searchDataType": "businessDateTime",
          "width": 120,
        },
        Object {
          "colId": "affiliate",
          "configEndpoint": "/affiliates",
          "enableSearch": true,
          "field": "affiliate",
          "headerName": "Affiliates",
          "hide": true,
          "javaVariableName": "affiliate",
          "resizable": true,
          "searchDataType": "multiselect",
          "width": 100,
        },
        Object {
          "colId": "territory",
          "configEndpoint": "/countries",
          "enableSearch": true,
          "field": "territory",
          "headerName": "Territories",
          "hide": true,
          "javaVariableName": "territory",
          "resizable": true,
          "searchDataType": "multiselect",
          "width": 100,
        },
        Object {
          "colId": "contentType",
          "configEndpoint": "/contentType",
          "enableSearch": true,
          "field": "contentType",
          "headerName": "Content Type",
          "hide": true,
          "javaVariableName": "contentType",
          "resizable": true,
          "searchDataType": "multiselect",
          "width": 100,
        },
        Object {
          "colId": "coreTitleID",
          "enableSearch": true,
          "field": "coreTitleID",
          "headerName": "Title ID",
          "hide": true,
          "javaVariableName": "coreTitleID",
          "resizable": true,
          "searchDataType": "string",
          "width": 100,
        },
        Object {
          "colId": "title",
          "enableSearch": true,
          "field": "title",
          "headerName": "Title",
          "hide": true,
          "javaVariableName": "title",
          "resizable": true,
          "searchDataType": "string",
          "width": 100,
        },
        Object {
          "colId": "series",
          "enableSearch": true,
          "field": "series",
          "headerName": "Series Title",
          "hide": true,
          "javaVariableName": "series",
          "resizable": true,
          "searchDataType": "string",
          "width": 120,
        },
        Object {
          "colId": "seasonNumber",
          "enableSearch": true,
          "field": "seasonNumber",
          "headerName": "Season Number",
          "hide": true,
          "javaVariableName": "seasonNumber",
          "resizable": true,
          "searchDataType": "string",
          "width": 100,
        },
        Object {
          "colId": "episodeNumber",
          "enableSearch": true,
          "field": "episodeNumber",
          "headerName": "Episode Number",
          "hide": true,
          "javaVariableName": "episodeNumber",
          "resizable": true,
          "searchDataType": "string",
          "width": 100,
        },
      ]
    }
    notFilterableColumns={
      Array [
        "action",
      ]
    }
    onGridEvent={[Function]}
    onSortChanged={[Function]}
    rowSelection="multiple"
    setDisplayedRows={[Function]}
    setTotalCount={[Function]}
    suppressRowClickSelection={true}
  />
  <DopTasksTableStatusBar
    paginationData={
      Object {
        "pageSize": 0,
        "totalCount": 0,
      }
    }
  />
</div>
`;
